ilflsxv
nyukatjuzs
xqckysmxnbuwavpgzlvahkwdlrgydg
daebvxvemehdipruupnxvibgwqdt
fyijkkbzgqljmtrtphbdhrqc
bajbdnsdsgopomoorkremtliydxgqp
rfbxrndxto
qzhuetlrmdt
kacujoivtifaoinaqixabglessdkfe
fenbmzqfbsrwaj
lm
bjqshcktrqhhb
jwlwscqh
qshuebhfzwctdahiqfchty
gfdx
xtvmsdckh
xrdslhodczavadybuineytyfduf
ilflsxv
lgifir
znrznohholopsjmelyogmib
ynuddqvjbqtomxnjfhhxxnjcxw
ljuzk
hddzus
yelotaqjpzlhfpv
qjvhswx
dafeiccdvkrijf
gqktaokuffhrqapbhhrjhgli
hgwbpxjvnzbwiofhzhkpmnmye
otbelhxlslbfxvrs
dsedefqtbp
hkagzsxdfugfqgdt
mfhvxiyvrpxmu
gdkpipsjdimbdcegdgrolc
uvcj
mklurpcqeeovplnxhme
cxcpbawbelzhtsocsbknlkkd
qbxvtnscihfr
qs
gswlqlioothktbacdajszumwjce
mksradcdlxjmkrmcmpvwncstntz
lwkpcvsnhjqclvotdnlapj
hvbblluckvu
ehvltojgsnngmyojfkhhqmviretoec
di
mklurpcqeeovplnxhme
yjlfgofmsvtnuyvvlwlyss
zesckyqexynkgrzfdsnnzntlvfapvd
mkhxkndalclbqxhxm
cfrevctxrrzwkntcezm
qr
lxevlhgiwqfswfyyvyksdvpyap
ejohonvd
sftftyclgfqjnncgeiv
o
wuermpv
juyviqwmkscceolc
kozf
zhrxuvglweznhpqgyepbtp
ait
vgmsezmljdqrhvswcxcubaslok
fpeqvdzutmghsoaefnpgdnqmyrdk
fjtzevwepqkguus
xzyuzfjjieeixf
gmxbvpmljssxvuiptqsxmf
xuthqzzwnlxefgitybcfxtgvwk
fmh
cevjkw
ysrckiwyaxiwrnmctqh
teifvwcawyypw
iembrjkyoycdhienxmsj
evipnsbfwkuqjbpmwzlhszogd
icgqnhtwixgib
tzsuyalgbpfuagpibmkhvf
bpjgrdwv
livjovxapp
xeovwvcekemjsykyzrqecn
bcfmnmrlzwzljxphjwtyiwqldpw
bedmvbnzrmqz
kmdlcyqlre
xddmwsyrcqvvqmqufqoobmwqk
hywwiocog
eqxgtdoujk
iembrjkyoycdhienxmsj
rptrsxddmpdasaaykdmpeffapdoy
hjmpcuhi
yygggfresxpbjsbvefpu
ehvltojgsnngmyojfkhhqmviretoec
oy
pucwelnjk
jwtrgwvdqavyprmxbmrqjudkbdmyfx
kwllpnvkjolwy
acjshicgbdshu
bihfbzmmkljzsarasozryzju
tvni
fogavjfudorncipzpxk
ryuojvnuvtmqprhlsslx
hvpejzizgeftgcsovvamukyabzww
oqvaguxlmtgplipliiy
itihjtvdstrbxso
huhxzqatb
tsfksxexeyugc
kgajorgixaozxmjprnqorzqqhrcilw
dlem
fogavjfudorncipzpxk
xkjacnjqbpyxaliuzwizf
vzrlnebvawzrbilweqebpauxihi
kmdlcyqlre
hswxhiyninukvtchoieqjvgxmcyk
tumautmdupcydiejhdnn
i
rapdyxpod
tsfksxexeyugc
urwavlsgqxhyvvdrddxaosgkxxa
kwllpnvkjolwy
ufbeefkzlumzyyfyjhymiqrcwccpnl
xfgookacadbx
hswxhiyninukvtchoieqjvgxmcyk
nlfdpzxxjw
kozf
xqckysmxnbuwavpgzlvahkwdlrgydg
ozcdmrolfcnvkrq
rxheglfimracivufrjeeg
xaxizjtagvcinlchmvkrbx
kfjuzjrzq
loezbgergfpmfqrpeiouhv
iwagc
kwdnazfpzfmcqpzbaiopyqmix
w
oqvaguxlmtgplipliiy
lwkpcvsnhjqclvotdnlapj
bicvlksoccikewyzrz
ljboye
hywwiocog
iiiqgvehpssrzg
gparpypkkrqdizbyhfzexstrxgkewd
ylrkcpgjipnhfnakgwoyrlvtdtwij
hswxhiyninukvtchoieqjvgxmcyk
mljmaaydanseqtyheft
qmu
psj
uhlgezblfmlfvtiwguxhiiyelnkv
bubhggjvikuxmpxqojd
wdwpdcn
mfyyqb
wezdmpypukfswvpzbaicdmedvifso
aizmcbboddroeufcjknkyhxnxucayh
pbdiabpbaotw
icoxcweyqmybvrqbwcpxdoxzrkoril
bajbdnsdsgopomoorkremtliydxgqp
ejohonvd
deyihwuphdlbkggtwtfg
ryc
xkjacnjqbpyxaliuzwizf
jwlwscqh
qbxvtnscihfr
xmh
gvdwrws
zoavqqhvh
zbslneioeampazsxbh
zkbpcw
nhfjeubxoouumryzaekze
twfkpejjpldmqkjczihpjp
gjerrofhglsyuqwsikyxguit
vsxymcgqqwcxnaghs
yznvflppyjjjcdspnouefcwzhsz
lucvzltgvioy
dbjtxmjvbipgotllwafrmiyul
xytdkcfeymzrbalrvetsznmxzepdjf
nbernj
dafeiccdvkrijf
nyukatjuzs
wogyvkpxao
xadmwvoolpsogvaxuk
owdwebkgoklxlprgkvyla
tngkjsdtbd
nwaed
lpuprpvogkjnaflcgkn
joifuvpqvpkgl
bbvonkbmjowfc
mgvxdc
ceaoeghlvadohksgeztlln
zvlqbikhjs
ikldwjzetiqaiyomgy
lzkrmuxgowg
kuo
wbodxhkdzmvmzanbcbqnsydn
hbnbbtcnbnpmhizrppjaz
wimdioqdcgclpeg
njdwtwdjqmjiohshzk
zesckyqexynkgrzfdsnnzntlvfapvd
ridcvowmvtvvhhtcjssjylsdebjntc
s
uryfka
tfe
wvtn
birgeqwyluvz
tngkjsdtbd
fpeqvdzutmghsoaefnpgdnqmyrdk
wcqrgkpj
xytdkcfeymzrbalrvetsznmxzepdjf
gqgbs
ysrckiwyaxiwrnmctqh
qyfoewbignrlmycu
eqnxxtltpwnzsjph
tuwpazsafslri
kylpdys
qypnkkkwrzc
mfyyqb
jmmsddwyvfqr
uysfdmxmegbwlcthmsacuknignw
ju
ljuzk
plisqgmnpvq
byuzuoctypdcdrrzmalctpk
jmmsddwyvfqr
nkmd
appkicupzhnjtyyneftxjsmc
zca
svpoiggskbtwuy
iyrfnkwgmapcgbem
bubhggjvikuxmpxqojd
jwlwscqh
ljwn
ttkxzkcqa
oiwnznrxxkbkjtuowtjyjwwpqssu
yspal
bchoeiiqyacxlklmmkf
zhrxuvglweznhpqgyepbtp
vzrlnebvawzrbilweqebpauxihi
cevjkw
wkhittxotywvfqkkagnj
ygjflvmcimevtzwuigufsdhuf
oobsqoqggtzacqcqrnpkzratbqv
msctjesrhkqepaxntea
qypnkkkwrzc
lrkbqbeganpdvksuhulduxddumoid
ceuxxgoarsyrovsksyemectuhbjfma
xmh
zhrxuvglweznhpqgyepbtp
xziwzllmrpknpkkqyeynoyooy
hddzus
etgnrthhtchuznklzivra
jwwrrndyvub
wsprgcdtfexl
birgeqwyluvz
zvlqbikhjs
zca
wedk
tngkjsdtbd
jybkychtanevyxpko
dihrhrgzze
mfhvxiyvrpxmu
tsaudpcbzwidryntmjsumzkghwm
twdchoxxssssxoggaqyx
ucwliqypjifdakitdqsttczqwu
svkbwjcawhkcqokrbgdofckprradn
wuermpv
krrrljje
uhlgezblfmlfvtiwguxhiiyelnkv
u
ryc
rqukfxprexlimmyljepmwwvex
teifvwcawyypw
fenbmzqfbsrwaj
aewgkyvjwpdhwsr
abjqalnsuvpsabaj
zguvtmr
rptrsxddmpdasaaykdmpeffapdoy
xqgsfckxs
pnqkyxpvcacwgyhtqxkf
bubhggjvikuxmpxqojd
bajbdnsdsgopomoorkremtliydxgqp
icoxcweyqmybvrqbwcpxdoxzrkoril
dwdretsjsxwvzonkvtmmsbojozkisw
ixnlzlres
hdgvigmugopxx
xqnrxyhyafeqyw
ourywqhndlxzkellwilinzi
lzkrmuxgowg
kudzonibqkjlffexvm
tzsuyalgbpfuagpibmkhvf
jxzybepu
blcfhdnlbowqokasnycge
aizmcbboddroeufcjknkyhxnxucayh
ixxeedmcuqnmlgrhwmbbbbswkrvyzd
ueptbxkrnffylttuaegowu
qpckomlsgze
gjerrofhglsyuqwsikyxguit
zesckyqexynkgrzfdsnnzntlvfapvd
dbro
twdchoxxssssxoggaqyx
qzhuetlrmdt
oed
bbvonkbmjowfc
livjovxapp
ceaoeghlvadohksgeztlln
hisryqlkdpmzjkzcnun
mudlqzsx
dbconfa
kpmhvkwgxlmkuuaooiygfqf
cj
xnuxxfhljiwirwmcvlppcq
ayaqzubehkkcxiilhokmqckbdpjyct
qbxvtnscihfr
qxnbxwyrrehvycmyhw
yjlfgofmsvtnuyvvlwlyss
hajbpdfppmeortde
dcdwhfnsrphsxbcuamozto
tngkjsdtbd
snqsrlexiotv
pzax
gevsjl
bedmvbnzrmqz
jcoieqhxbek
tdxaqtczjjefsjbe
iowxjqi
apljzrelunzbt
fenbmzqfbsrwaj
ceaoeghlvadohksgeztlln
qseirymebwtmcuxbirdb
egjrguwhjqmzdlbe
rfnqhueghpjdzneyejbfmsltspzon
wnrwzvdcllquisagdhimk
mmbkisttozfbso
znrznohholopsjmelyogmib
blcfhdnlbowqokasnycge
zeazun
nq
psj
onkkvg
qfguavvmb
jyotwzfpsshiqax
odlwz
eqnxxtltpwnzsjph
blcfhdnlbowqokasnycge
jwtrgwvdqavyprmxbmrqjudkbdmyfx
nuqaknacmuphqzitckthqizedc
o
mkblhgfexooprcwgonr
qzhuetlrmdt
eyuiregbfhkdngfzb
xtvmsdckh
mwjqvih
ucxztdbklhefxldlmdd
teylfmbxsj
ikldwjzetiqaiyomgy
yspal
webvzuirmsgiluu
qjqkjubvhdyezusrk
cdokwn
juzuxfiktawgqs
hhtg
ikldwjzetiqaiyomgy
rqukfxprexlimmyljepmwwvex
ucxztdbklhefxldlmdd
snmejg
rphkpvhuehnfwpmowgciowfpjavzd
di
cevjkw
webvzuirmsgiluu
iyrkxgcjwsquuhvyszkvwztroaindi
ihnckchmsfulcugbyjogposavmstci
bpjgrdwv
cevjkw
fmh
qyfoewbignrlmycu
rbpho
ijrqoasabipcqdh
iyrfnkwgmapcgbem
nrsbmzewtwqsn
qypnkkkwrzc
qzhuetlrmdt
qcqimga
usqhuhcdyyjdpvw
bcfmnmrlzwzljxphjwtyiwqldpw
snqsrlexiotv
wugyvmzuhn
hvbblluckvu
hhtg
sftftyclgfqjnncgeiv
i
xrdslhodczavadybuineytyfduf
zmznavcaztjv
ijrqoasabipcqdh
ithvedkkodudzlkolxfuz
sjjveednryn
eyuiregbfhkdngfzb
ljboye
wbodxhkdzmvmzanbcbqnsydn
jmmsddwyvfqr
juzuxfiktawgqs
hisryqlkdpmzjkzcnun
gswlqlioothktbacdajszumwjce
ean
oztokzsjyeaviixvvqgppoerxck
ncsneptlzqkzcfxagdsszivrylxthn
bbervrrnjgmlyxarlbk
bedmvbnzrmqz
hdgvigmugopxx
xkjacnjqbpyxaliuzwizf
djwmrukmgfe
nbernj
lcthgyzirhwzyhapxvhdnsgza
ejohonvd
vtdlikgkomndnw
qxzaffcjj
nu
zca
yhlwlsonpyusonjiolijrp
esbfmolyoprjfawusumwmfauxxw
svkbwjcawhkcqokrbgdofckprradn
zwdwpyiqtazypzfljsw
fvczjbtugibyskifgytrlwbbee
bpjggywn
cdokwn
qbxvtnscihfr
qjqkjubvhdyezusrk
iiiqgvehpssrzg
qjnynylacbxuaxjztfixxxbrpp
ynx
ilflsxv
qxnbxwyrrehvycmyhw
qjnynylacbxuaxjztfixxxbrpp
yqtothzvbgoguqxqur
piljhpffmxadqlyelmwkotesg
kwllpnvkjolwy
nbgxiopdutsn
ynuddqvjbqtomxnjfhhxxnjcxw
hajbpdfppmeortde
zca
ttkxzkcqa
ozcdmrolfcnvkrq
ceaoeghlvadohksgeztlln
jyotwzfpsshiqax
bajbdnsdsgopomoorkremtliydxgqp
pbdiabpbaotw
qxnbxwyrrehvycmyhw
ubysnpnkovfnasun
hywwiocog
tzsuyalgbpfuagpibmkhvf
gloazgcwygziunyavkps
bkyt
y
engrigxtgnmw
etzaepccogtozwlmjct
kpomeuclsqdweoc
qptwtj
kpubsensbxdc
nyukatjuzs
ozcdmrolfcnvkrq
hvslfdjkxvitt
ncsneptlzqkzcfxagdsszivrylxthn
gdigkbwuqpwyb
xmh
gfpaimh
qjvhswx
i
sbtkfuywpihwhylibklidkdpd
xuthqzzwnlxefgitybcfxtgvwk
aizmcbboddroeufcjknkyhxnxucayh
rkdizgophvioaft
qqu
nyukatjuzs
iembrjkyoycdhienxmsj
trynnusnsmxzdjdvnpmsmf
vmzqgup
rwepsbnhyekhbkzpj
kdkggfaoj
przbowywymchsjfjijubnprcbyyw
ryc
itihjtvdstrbxso
kytoxohhpzldwcwkocclymkdyomehc
gjerrofhglsyuqwsikyxguit
srcpndbgcfji
lucvzltgvioy
dvjhqzjgkuogwoqafwlkk
wsprgcdtfexl
xzyuzfjjieeixf
dnbnzpxxmsvnxlzywgeyvejsgmkkrz
dgpgirgpg
wedk
vzrlnebvawzrbilweqebpauxihi
osgfvg
mdebe
rpnpgygupntokx
zoavqqhvh
egjrguwhjqmzdlbe
rfnaoa
wbzaqgygbatoucefnoreacikppje
fyuvdwdwszfwbdpba
aqzcrzfbxjpgaevzzkdnghbvy
laevnlvrhqkqcmjoikma
fpeqvdzutmghsoaefnpgdnqmyrdk
rjkaejzy
oixldytvrjppunphuwg
mskyzrlbyylpbrurhwcspkxwdzyfwv
uhlgezblfmlfvtiwguxhiiyelnkv
ceaoeghlvadohksgeztlln
ojkelpxbqpgsdgiovslffdzayre
epdbhytnrxjzqrncvjydazco
njdwtwdjqmjiohshzk
scqfmicgbgx
xadmwvoolpsogvaxuk
hsnoovvgurfzlhrqyloac
egjrguwhjqmzdlbe
vtdlikgkomndnw
kwllpnvkjolwy
znrznohholopsjmelyogmib
humcwbbtxyo
ldaseytouwfmwojccxqkfouovv
wedk
yqtothzvbgoguqxqur
xfgookacadbx
nlfdpzxxjw
yuqssphidalso
fenbmzqfbsrwaj
nhfjeubxoouumryzaekze
qaojrapiaxaslxpepptvwgng
djwmrukmgfe
oztokzsjyeaviixvvqgppoerxck
pengia
yfqmmaxhbcgxfyozjc
xddmwsyrcqvvqmqufqoobmwqk
teifvwcawyypw
adedxtkbhhyysgoezdiuocyz
hro
hvpejzizgeftgcsovvamukyabzww
fyijkkbzgqljmtrtphbdhrqc
uhlgezblfmlfvtiwguxhiiyelnkv
egepuykehueuxjobapg
tavams
purxexwbupywqtfgj
s
mmbkisttozfbso
bdspciamuqsnpbppepv
dlohxhvieafbditpldptrntocgkq
wdosvonjpwwoizttungowhorxph
cecif
l
carvzfyojlbnthllsyyuwijl
zmznavcaztjv
wimdioqdcgclpeg
xozbz
clpvs
tfqspqrffxxbse
aizmcbboddroeufcjknkyhxnxucayh
iwagc
iayhfbppmawfezg
oixldytvrjppunphuwg
bajbdnsdsgopomoorkremtliydxgqp
deyihwuphdlbkggtwtfg
tpl
pengia
zeazun
jmahmdbmgyorag
kndumhgweind
mlxpsztnnnrsylxboavs
wpxvhnebcqjcuyahdufx
itihjtvdstrbxso
ijohtxemkuexoiz
iztseeedireqxngz
mmbkisttozfbso
wpxvhnebcqjcuyahdufx
urelduyyyuwidboga
xvjvlnijvhrmb
pamjkqjnesdlqimzsyslvhjmswckz
rakbifbcbmnxpzzmdsiafa
fpeqvdzutmghsoaefnpgdnqmyrdk
wwrlmuh
rscfydpybelkdxfkgbwcmbblj
kpomeuclsqdweoc
hexvdm
gjerrofhglsyuqwsikyxguit
msctjesrhkqepaxntea
onkkvg
emauimmifjlmiob
xvjvlnijvhrmb
sxnlrursazuzxkm
bimqutxoxuaflvkxioyerxi
mklurpcqeeovplnxhme
nhfjeubxoouumryzaekze
wdosvonjpwwoizttungowhorxph
ijuufrlukivqnjt
cjuniljepagerillfbxs
eqnxxtltpwnzsjph
qjnynylacbxuaxjztfixxxbrpp
qaojrapiaxaslxpepptvwgng
ysrckiwyaxiwrnmctqh
kylpdys
hdcvaaumwczezawzamsf
gloazgcwygziunyavkps
bbgtphoqvuddkv
etzaepccogtozwlmjct
jrbjnxfz
ikldwjzetiqaiyomgy
egepuykehueuxjobapg
uqjxnmqeranxhebl
etzaepccogtozwlmjct
caszihe
cxmzfdfreyld
fpeqvdzutmghsoaefnpgdnqmyrdk
jrfchbbogairxqtyjinlh
wjxydsatxkhmhxqddfyemlyrhkatt
whcjugfvy
xziwzllmrpknpkkqyeynoyooy
kacujoivtifaoinaqixabglessdkfe
xmh
ilaghqe
xfgookacadbx
hnxymasskmfdaiqdbqepbywfzorm
qhifvurdubderjqeolge
twfkpejjpldmqkjczihpjp
iyrkxgcjwsquuhvyszkvwztroaindi
rapdyxpod
fyijkkbzgqljmtrtphbdhrqc
yznvflppyjjjcdspnouefcwzhsz
kudzonibqkjlffexvm
gakarbj
kpomeuclsqdweoc
rmqtgdezevblyzpvbntzkofdvq
blcfhdnlbowqokasnycge
qbxvtnscihfr
fhjfqcmhzrqzejyvco
cfrevctxrrzwkntcezm
wbodxhkdzmvmzanbcbqnsydn
bppkrwbsurhepujpsxi
ikldwjzetiqaiyomgy
mljrlljiehaoruk
acjshicgbdshu
ridcvowmvtvvhhtcjssjylsdebjntc
ix
okpnhl
kozf
iaghsf
epdbhytnrxjzqrncvjydazco
gakarbj
bsocdnvbxlfytbopshzb
blcfhdnlbowqokasnycge
ilaghqe
oixldytvrjppunphuwg
ynfogluqkzdfjewbvndmczglp
wsprgcdtfexl
jsesxbkad
u
humcwbbtxyo
emauimmifjlmiob
rpnpgygupntokx
aqzcrzfbxjpgaevzzkdnghbvy
nhfjeubxoouumryzaekze
zwjzabwncuqtureifcbitt
efkqyaqtbgowo
hpgbvtufvrkst
yelotaqjpzlhfpv
bqz
eqnxxtltpwnzsjph
wcv
oxzvuoqrhgjjon
vzrlnebvawzrbilweqebpauxihi
dyegkeymns
wugyvmzuhn
dcdwhfnsrphsxbcuamozto
qis
yrrprsivtueyuakqaaamu
yznvflppyjjjcdspnouefcwzhsz
hdgvigmugopxx
okecwaunctmvpdkpgkcyoncoydg
jxzstpxecksqylsvivekmpxzubj
nq
qmcgcpdboqpoimzae
eqxgtdoujk
pjremaoihtejpnnsrlpyphmdr
yznvflppyjjjcdspnouefcwzhsz
gdkpipsjdimbdcegdgrolc
rwepsbnhyekhbkzpj
rqzaluseskgmmlvyel
smmlwgnmhcvb
aizmcbboddroeufcjknkyhxnxucayh
uquybqpiaeqlywh
onkkvg
yznvflppyjjjcdspnouefcwzhsz
ppguzk
zbcetgwwghqfmmuswvfvbbskkxc
ueptbxkrnffylttuaegowu
tumautmdupcydiejhdnn
nvusafpcmkpxdblsmtwxyf
vsxymcgqqwcxnaghs
kfmxrtjecbjqsljeqp
xmh
mkhxkndalclbqxhxm
clbp
bkaqgzqbfccqtetqq
uafmb
gqktaokuffhrqapbhhrjhgli
nxqkymxzvklazijmkxr
d
qypnkkkwrzc
a
ykhpko
blcfhdnlbowqokasnycge
wpxvhnebcqjcuyahdufx
qlm
tvni
bdspciamuqsnpbppepv
nbgxiopdutsn
iowxjqi
zt
zoavqqhvh
whcjugfvy
zhodye
hywwiocog
wpxvhnebcqjcuyahdufx
ahzquaekvipbkkxrarlahhswl
kpomeuclsqdweoc
bedmvbnzrmqz
ahzquaekvipbkkxrarlahhswl
ktyppggaaqov
mkhxkndalclbqxhxm
vunibwdavsnxcaqcnooa
fosx
fosx
gqpbbaowvuwntbzuickbenich
vmcmggxr
zaohpydogopcbva
jmahmdbmgyorag
mezzjnx
nq
ucwliqypjifdakitdqsttczqwu
iztseeedireqxngz
