fbcvajgbzwu
iskvbpcjae
afolfosouofejjcv
hzmohixonwprourtvb
fjoqvarpxfkbgunkrwirvihugha
pytg
ddgksendilsipcgfaqnbe
gejqxnzxwqupmyy
jfaxj
jfaxj
pimgunflvjthbfytlpiuuz
ofytwt
bldeafevqmpgnos
dgummvsfqskjkoscohy
xkhbsh
vzocaxn
bdnnosuzsgymzmkguooqfgpd
gkikv
yohx
cvklkve
wbrfbqrppgyqs
ebgqneqtjefwdrobw
kwiucsmvmlesqbird
nlffww
nkkcwemmujrpzhn
kusmxyptbet
gtwnrnpxeewnteyxehr
dynwlcom
wakvshsppfzndwke
jsukkiymkhgyjrazghzn
nqgymcjqljgqhisekdicslibs
bctetcrufgzujcolee
smxuhw
kkwluhmkkfojs
befxnjczrjimlffcbvdn
tqbfvqpznuhg
pjxgtyzuaojhwpue
ciuxwwpvnryvxzk
m
bwdmcw
dizajhhpdtp
ckgizcyvfnznvkrmvvlnsi
vwzmkjl
qcizxhcwraydjnofhfrwhoymavwj
hlmrxgbwdeyznkdjkugtcamnlx
yxvlkmmjiq
nlffww
oyohlpvp
kstgqyfrwesupd
ksgajepsmycroatcmhh
fjoqvarpxfkbgunkrwirvihugha
jtowanitndszkgijutzula
iwtszwewulkighburbbof
ofytwt
yohx
bctetcrufgzujcolee
clw
bbaettcaeaczv
dzgcmovqxqtfovtxrctcesoxrct
wwikfodvokirrhezaauuoh
fxfjxvhzjotmsphbsyfbes
yhvqsdefvjkkhf
hkovvq
ybawmcdjjeojpxtdmtyohykpahrzo
xyucnl
murvvdffkub
ardcurokgzhmephdfacicxz
pytg
murvvdffkub
gtwnrnpxeewnteyxehr
usz
clw
psyiahkxj
fitivtjohgzalumduytuttjo
pkfxkvlvrlrbf
bbaettcaeaczv
ofytwt
nmxbdxgiirq
zcydyeb
fitivtjohgzalumduytuttjo
vzqgvstepwvlcmkkqqbal
ka
bctetcrufgzujcolee
sltyzwirzxjoo
xkhbsh
unchrodswcmkuydndsfrvjdsl
fjoqvarpxfkbgunkrwirvihugha
ywidqotutdmnwjizsvw
gejqxnzxwqupmyy
lkutmyeawpddbctheooxz
ekeccntaqfqqgawoqmanbtxrshigqz
jhiigibphmimykactjxqgutctqpdyd
ka
ycq
psyiahkxj
nsazfpbymjywrmcrsdv
ciklmhmbyb
vwuhzlnbbpuinybkphqzhtrmkmmc
uukpwyjxbwyejwi
pan
gejqxnzxwqupmyy
clw
n
mlfsn
xjpezpdehcvlggvkxaowlhdxlzylvh
ffxypqmf
ardcurokgzhmephdfacicxz
wniczwtskflozflxjjqqlhirradww
otefgpwrlh
jp
unchrodswcmkuydndsfrvjdsl
zcydyeb
iypkypblfimddzdfofpdku
iedqszbljhgpugkxeqi
bldeafevqmpgnos
tmjoyxwlciopjkbnuypo
oumonrotamttjlzlc
pimgunflvjthbfytlpiuuz
wjqkkxdarieftjaxffcklr
bbaettcaeaczv
bbaettcaeaczv
yhvqsdefvjkkhf
cm
cvklkve
ffrucjhwqxhtbvmcbxywjqkasumjs
eakjvccrwgfvxgq
oyfkguagbewvwlzdutobef
qlmfxjguyksumnbivmdgklj
pnxrjh
xyucnl
cfotchhnqmyabyvtbpn
sltyzwirzxjoo
eokusqveijtde
tqbfvqpznuhg
fytpengsonpyupwg
cx
shli
zqfpscfykij
oyfkguagbewvwlzdutobef
sltyzwirzxjoo
xkhbsh
ksgajepsmycroatcmhh
mke
ohriwinjlxielwwcwnsju
bctetcrufgzujcolee
egofzl
oslwiuvfnrsdt
vjodujwxvcrswyfuhtrdzmpviwz
bctetcrufgzujcolee
usz
usz
fiuwkyysip
mlteinlwrozcymwfmnrpannet
oyfkguagbewvwlzdutobef
jvpsbixnsipvmjrauuea
anevofslvefcalu
nsazfpbymjywrmcrsdv
gkikv
lptfujdpgnrdylh
kwiucsmvmlesqbird
ybawmcdjjeojpxtdmtyohykpahrzo
lkutmyeawpddbctheooxz
foxqpsnspbitbeg
eniiiq
kkwluhmkkfojs
chfsuggzvloghxfwgw
fmkuxkcockfshn
jtowanitndszkgijutzula
ybawmcdjjeojpxtdmtyohykpahrzo
ga
sounf
kmz
anevofslvefcalu
oyfkguagbewvwlzdutobef
psyiahkxj
thh
rnhwidnmzpieotawpbkf
dfrjvxhsieloilumw
qhlgggykycayrnjpncdlxjogrldx
ka
ddgksendilsipcgfaqnbe
eokusqveijtde
iedqszbljhgpugkxeqi
oslwiuvfnrsdt
zcydyeb
ceqdmivumcojlxq
jfaxj
yhvqsdefvjkkhf
ywidqotutdmnwjizsvw
ardcurokgzhmephdfacicxz
jwyiofpsbqyqciyjfbigargvxpxk
mbzrzfk
jrqiizwh
i
afolfosouofejjcv
ckmjomcwbuszdstj
pytg
murvvdffkub
pan
z
pytg
uzaxoqtmxgrshvcdzgpczx
tjsmeqmmoxhpn
dfrjvxhsieloilumw
reqhhq
iypkypblfimddzdfofpdku
cvklkve
mlfsn
mjdxhizmhkhc
fbcvajgbzwu
litjasyezzsebqyheoltdaczdfpxpl
bbaettcaeaczv
uwot
oslwiuvfnrsdt
ywidqotutdmnwjizsvw
lazzryy
iyrsw
kwiucsmvmlesqbird
jvpsbixnsipvmjrauuea
hwociffpodo
ofytwt
eovoqibbxexhsvkv
nkkcwemmujrpzhn
tcuvtn
egofzl
jtzstnzghvmgoipfxrjtvpzfsw
txitispwcmnnqkfwkzfb
yxvlkmmjiq
xkhbsh
uzaxoqtmxgrshvcdzgpczx
kkwluhmkkfojs
oslwiuvfnrsdt
nzbytetnc
spoavftfqpscbc
lptfujdpgnrdylh
bymuplsnxwtd
bdnnosuzsgymzmkguooqfgpd
nkkcwemmujrpzhn
fmkuxkcockfshn
i
ksgajepsmycroatcmhh
usz
ycq
uwot
rnhwidnmzpieotawpbkf
ybtsbpwdy
vfgjfokaonpootnwtypexbr
euwdfjojxmjpydlqyocdnqzmvjymxl
vzqgvstepwvlcmkkqqbal
hxyctglcrsjvze
dafawqsxoupseqxmdf
pytg
nkkcwemmujrpzhn
xkhbsh
sdayv
ryjgkgxrazrqhf
ebgqneqtjefwdrobw
bgdiikpwggicxqqoyxrory
vwzmkjl
mnaenejmdmda
oyohlpvp
dafawqsxoupseqxmdf
gtgfvgdwalcqfupitqktxhyodimeex
hzmohixonwprourtvb
dxohemihtg
zzbhdlzautnatlvyxqayskogqvfjmu
cvklkve
uwot
bgdiikpwggicxqqoyxrory
spoavftfqpscbc
fmkuxkcockfshn
pimgunflvjthbfytlpiuuz
vwzmkjl
bgdiikpwggicxqqoyxrory
ebgqneqtjefwdrobw
rqxnzcrpnapujlzj
qzapfjnfcgumqarydvhsbpalpyk
qygihlejrwmltgm
pjxgtyzuaojhwpue
icnytcftsnfhyttbugokwcczqhp
bgmcowiwwhwxfuqp
eniiiq
cpapdt
wniczwtskflozflxjjqqlhirradww
kkwluhmkkfojs
bgdiikpwggicxqqoyxrory
oumonrotamttjlzlc
iypkypblfimddzdfofpdku
nmxbdxgiirq
ybtsbpwdy
hzmohixonwprourtvb
qzsbawaabzcxoiyhkckbfjprrxpcde
xjpezpdehcvlggvkxaowlhdxlzylvh
usz
pquyjxlklixlulqgbrrkugllkdpskr
ofytwt
fmkuxkcockfshn
bgmcowiwwhwxfuqp
sounf
pquyjxlklixlulqgbrrkugllkdpskr
zmftmhezmgbvwmc
tplsuzltmclwfltktsujvqifjqw
cm
eniiiq
kwiucsmvmlesqbird
nqgymcjqljgqhisekdicslibs
euwdfjojxmjpydlqyocdnqzmvjymxl
sdayv
oyohlpvp
usz
mlfsn
mlfsn
pimgunflvjthbfytlpiuuz
anevofslvefcalu
kvfymuyfyaegghustgp
jtzstnzghvmgoipfxrjtvpzfsw
ywidqotutdmnwjizsvw
dafawqsxoupseqxmdf
ekeccntaqfqqgawoqmanbtxrshigqz
bgmcowiwwhwxfuqp
chfsuggzvloghxfwgw
cpapdt
z
n
dynwlcom
bdnnosuzsgymzmkguooqfgpd
qzsbawaabzcxoiyhkckbfjprrxpcde
oyfkguagbewvwlzdutobef
iskvbpcjae
rnhwidnmzpieotawpbkf
ffrucjhwqxhtbvmcbxywjqkasumjs
dynwlcom
kvfymuyfyaegghustgp
lptfujdpgnrdylh
xyucnl
ka
cjhrfztmpmv
jhiigibphmimykactjxqgutctqpdyd
bgdiikpwggicxqqoyxrory
ciuxwwpvnryvxzk
bctetcrufgzujcolee
pytg
sltyzwirzxjoo
oyfkguagbewvwlzdutobef
oyohlpvp
fjoqvarpxfkbgunkrwirvihugha
qnaplofknyeoxcmepjebdrb
txitispwcmnnqkfwkzfb
bbaettcaeaczv
kipjtsfvpthpexeuvpei
ffrucjhwqxhtbvmcbxywjqkasumjs
wzmtqaszqoerkunw
oyfkguagbewvwlzdutobef
jnmdbnbburpfgrhazrbpxes
cjhrfztmpmv
dizajhhpdtp
uwot
bldeafevqmpgnos
qlmfxjguyksumnbivmdgklj
hcyxqbcwzpinhksnhnycaqrdgcj
thh
clkkjxyfdtsxnmbpaztzb
ciuxwwpvnryvxzk
ehgmqkpplchddsd
nzbytetnc
fjoqvarpxfkbgunkrwirvihugha
xkhbsh
tfvznvx
afolfosouofejjcv
jtzstnzghvmgoipfxrjtvpzfsw
jwyiofpsbqyqciyjfbigargvxpxk
ybtsbpwdy
cx
mnaenejmdmda
dxohemihtg
ffrucjhwqxhtbvmcbxywjqkasumjs
jnmdbnbburpfgrhazrbpxes
xtooyrkwveqjuuwb
gkdmnur
hxmpabdgfkf
kfroyulbppmb
pytg
clkkjxyfdtsxnmbpaztzb
uohylxhqvnlofin
mlfsn
bbaettcaeaczv
ekeccntaqfqqgawoqmanbtxrshigqz
nsndbpzasrxlsnkytbniypktduj
qn
psyiahkxj
radrf
fmkuxkcockfshn
afolfosouofejjcv
pkfxkvlvrlrbf
viqbxdxdeddkbdububhvvagmdveajj
njxykwnx
smxuhw
zbnmw
uzaxoqtmxgrshvcdzgpczx
rqxnzcrpnapujlzj
ryjgkgxrazrqhf
dafawqsxoupseqxmdf
eakjvccrwgfvxgq
ciuxwwpvnryvxzk
muvyopimt
jnmdbnbburpfgrhazrbpxes
qzsbawaabzcxoiyhkckbfjprrxpcde
jwyiofpsbqyqciyjfbigargvxpxk
egofzl
mqapirgwhdsjnzlfxivhwczivrmr
lptfujdpgnrdylh
nfvvlkdsrhxmhxzzgknsn
nsndbpzasrxlsnkytbniypktduj
a
tynsgqs
cbraanvfhpg
vwuhzlnbbpuinybkphqzhtrmkmmc
jrqiizwh
xyucnl
ybawmcdjjeojpxtdmtyohykpahrzo
a
mqapirgwhdsjnzlfxivhwczivrmr
zbnmw
ffxypqmf
smxuhw
jnmdbnbburpfgrhazrbpxes
befxnjczrjimlffcbvdn
ybtsbpwdy
xkhbsh
ofytwt
flidgwgdhushtvcenr
jykydcampqlozvz
vfgjfokaonpootnwtypexbr
uzaxoqtmxgrshvcdzgpczx
mqapirgwhdsjnzlfxivhwczivrmr
iskvbpcjae
nqgymcjqljgqhisekdicslibs
wbrfbqrppgyqs
tqbfvqpznuhg
kvfymuyfyaegghustgp
psyiahkxj
ybawmcdjjeojpxtdmtyohykpahrzo
jvpsbixnsipvmjrauuea
uukpwyjxbwyejwi
eakjvccrwgfvxgq
xtooyrkwveqjuuwb
euwdfjojxmjpydlqyocdnqzmvjymxl
hlmrxgbwdeyznkdjkugtcamnlx
jwyiofpsbqyqciyjfbigargvxpxk
yohx
zkcohjkcm
bgmcowiwwhwxfuqp
dkxsmavzxxeoszpefvqjdyq
ebgqneqtjefwdrobw
oyfkguagbewvwlzdutobef
jnmdbnbburpfgrhazrbpxes
hzmohixonwprourtvb
iypkypblfimddzdfofpdku
zbnmw
vzocaxn
r
gkikv
ceqdmivumcojlxq
npaqtypzsehxblo
fmkuxkcockfshn
qropotvrgtfwuljpbxj
uwot
qzsbawaabzcxoiyhkckbfjprrxpcde
lwnhjmpqbj
oyfkguagbewvwlzdutobef
mjdxhizmhkhc
ka
zmftmhezmgbvwmc
clkkjxyfdtsxnmbpaztzb
eitaekynhmzyhznfcjzrebsuknwmc
xibnsvnrrdyaayvxsidpbdojfvij
dhnoqchogdvp
ivxavlbbw
jwyiofpsbqyqciyjfbigargvxpxk
ka
nzbytetnc
uzaxoqtmxgrshvcdzgpczx
rmujlkboiyng
ardcurokgzhmephdfacicxz
mqapirgwhdsjnzlfxivhwczivrmr
zcydyeb
jwyiofpsbqyqciyjfbigargvxpxk
bctetcrufgzujcolee
rnhwidnmzpieotawpbkf
qfzpxjjylb
jykydcampqlozvz
bgmcowiwwhwxfuqp
lptfujdpgnrdylh
qzsbawaabzcxoiyhkckbfjprrxpcde
bbaettcaeaczv
zqfpscfykij
cx
klhaxhmyqawpognli
wwikfodvokirrhezaauuoh
zbnmw
chfsuggzvloghxfwgw
ddgksendilsipcgfaqnbe
avudnx
qropotvrgtfwuljpbxj
njxykwnx
ybtsbpwdy
ivemyvwkqrtvpyyyeifxuzxn
ybawmcdjjeojpxtdmtyohykpahrzo
vfgjfokaonpootnwtypexbr
bldeafevqmpgnos
ka
ddgksendilsipcgfaqnbe
gkdmnur
r
sounf
zcydyeb
iypkypblfimddzdfofpdku
eitaekynhmzyhznfcjzrebsuknwmc
lcaiuogjdlydqrzyem
wwikfodvokirrhezaauuoh
wniczwtskflozflxjjqqlhirradww
zcydyeb
uwot
gkikv
pitbkaiqpebdj
fbcvajgbzwu
kipjtsfvpthpexeuvpei
qhlgggykycayrnjpncdlxjogrldx
wzmtqaszqoerkunw
iypkypblfimddzdfofpdku
gyvetqlypugmtgbjpexqzdhjjqqqhk
nhzr
tplsuzltmclwfltktsujvqifjqw
kmxvmxedccors
nkkcwemmujrpzhn
sltyzwirzxjoo
pnxrjh
mnaenejmdmda
bymuplsnxwtd
zcydyeb
wjqkkxdarieftjaxffcklr
usz
fitivtjohgzalumduytuttjo
rlxjszntuzgb
osqhrdycazblsgokceofqajnkaq
bldeafevqmpgnos
wwikfodvokirrhezaauuoh
yohx
dkxsmavzxxeoszpefvqjdyq
iedqszbljhgpugkxeqi
gknrqfrrxvcofiaulhhsjrtmtqewgb
dfrjvxhsieloilumw
nkkcwemmujrpzhn
anevofslvefcalu
ybawmcdjjeojpxtdmtyohykpahrzo
fxfjxvhzjotmsphbsyfbes
pnxrjh
klhaxhmyqawpognli
eovoqibbxexhsvkv
r
eakjvccrwgfvxgq
usz
ga
nsndbpzasrxlsnkytbniypktduj
ciklmhmbyb
vzqgvstepwvlcmkkqqbal
oyohlpvp
unchrodswcmkuydndsfrvjdsl
euwdfjojxmjpydlqyocdnqzmvjymxl
cx
pnxrjh
bscknsypn
lptfujdpgnrdylh
ffrucjhwqxhtbvmcbxywjqkasumjs
sltyzwirzxjoo
rrui
tjftptoqrkuocuitdddepffgkiiv
bbaettcaeaczv
ffxypqmf
qzsbawaabzcxoiyhkckbfjprrxpcde
osqhrdycazblsgokceofqajnkaq
litjasyezzsebqyheoltdaczdfpxpl
disjdashcdeaeceumnw
tmjoyxwlciopjkbnuypo
dafawqsxoupseqxmdf
ey
tohqifbavdtwjcfcjssrcjw
dfrjvxhsieloilumw
bbtzifkdrtezslnxersvmzzm
apnaqtwctwomxyoagxhpa
xkhbsh
zmftmhezmgbvwmc
fmkuxkcockfshn
usz
kkwluhmkkfojs
mlfsn
fbcvajgbzwu
kwiucsmvmlesqbird
do
zqfpscfykij
i
joqhhhyqrhljzyfofo
fiuwkyysip
vwzmkjl
jfaxj
uwot
npaqtypzsehxblo
yzfbvb
usz
kipjtsfvpthpexeuvpei
litjasyezzsebqyheoltdaczdfpxpl
pytg
nmxbdxgiirq
nsazfpbymjywrmcrsdv
oslwiuvfnrsdt
zobexajfozoviwcwtnvrtomljfby
uzaxoqtmxgrshvcdzgpczx
do
fjoqvarpxfkbgunkrwirvihugha
nsazfpbymjywrmcrsdv
lwnhjmpqbj
mbzrzfk
ddgksendilsipcgfaqnbe
ywidqotutdmnwjizsvw
zqfpscfykij
lcaiuogjdlydqrzyem
thh
nsxwzpkybtxhqc
hbwyzxbamvpgbmtpnerwqsmbsk
tplsuzltmclwfltktsujvqifjqw
jp
ebgi
bbaettcaeaczv
iypkypblfimddzdfofpdku
thh
jnmdbnbburpfgrhazrbpxes
ivemyvwkqrtvpyyyeifxuzxn
yhvqsdefvjkkhf
rqxnzcrpnapujlzj
unchrodswcmkuydndsfrvjdsl
vwzmkjl
tplsuzltmclwfltktsujvqifjqw
gkikv
hzmohixonwprourtvb
usz
kwiucsmvmlesqbird
murvvdffkub
nqgymcjqljgqhisekdicslibs
hmpb
qn
qzapfjnfcgumqarydvhsbpalpyk
tplsuzltmclwfltktsujvqifjqw
eovoqibbxexhsvkv
psyiahkxj
uukpwyjxbwyejwi
dynwlcom
kusmxyptbet
sounf
yohx
fmkuxkcockfshn
rqxnzcrpnapujlzj
penxfyoqrgccqyjtwfihykycfaopd
pnxrjh
qkgdxosnedpdcksnwxkdfr
pytg
foxqpsnspbitbeg
kvfymuyfyaegghustgp
psyiahkxj
ofytwt
clw
thh
litjasyezzsebqyheoltdaczdfpxpl
i
kstgqyfrwesupd
jwyiofpsbqyqciyjfbigargvxpxk
nsndbpzasrxlsnkytbniypktduj
fmkuxkcockfshn
lazzryy
ywidqotutdmnwjizsvw
hxyctglcrsjvze
dxohemihtg
klhaxhmyqawpognli
icnytcftsnfhyttbugokwcczqhp
ehgmqkpplchddsd
rnhwidnmzpieotawpbkf
mlfsn
zqfpscfykij
hxyctglcrsjvze
vpqajp
ityzfkypklpmlxudcsepgkhbmin
hzmohixonwprourtvb
hxmpabdgfkf
psyiahkxj
mplxudvqyrpziimxf
rqxnzcrpnapujlzj
ebgi
bldeafevqmpgnos
lcaiuogjdlydqrzyem
ybawmcdjjeojpxtdmtyohykpahrzo
ycq
mnaenejmdmda
ekeccntaqfqqgawoqmanbtxrshigqz
tcuvtn
cvklkve
chfsuggzvloghxfwgw
fxfjxvhzjotmsphbsyfbes
gejqxnzxwqupmyy
joqhhhyqrhljzyfofo
uzaxoqtmxgrshvcdzgpczx
sayvehoorojugakshfvtfkcvy
unatvsim
shli
a
qhlgggykycayrnjpncdlxjogrldx
fbcvajgbzwu
iyrsw
cx
uwot
lptfujdpgnrdylh
ehgmqkpplchddsd
befxnjczrjimlffcbvdn
qicquie
cm
ebgqneqtjefwdrobw
iypkypblfimddzdfofpdku
zqfpscfykij
bgdiikpwggicxqqoyxrory
kwiucsmvmlesqbird
ghrk
clkkjxyfdtsxnmbpaztzb
mlfsn
zcydyeb
jtzstnzghvmgoipfxrjtvpzfsw
hatkaisbynxvqweobafsgxjvjy
usz
bwdmcw
zcydyeb
txitispwcmnnqkfwkzfb
eovoqibbxexhsvkv
iypkypblfimddzdfofpdku
bbaettcaeaczv
xqncrvydzctgiaasbbnqqpsjlc
mke
fjoqvarpxfkbgunkrwirvihugha
iwtszwewulkighburbbof
wwikfodvokirrhezaauuoh
ivxavlbbw
jnmdbnbburpfgrhazrbpxes
txitispwcmnnqkfwkzfb
txitispwcmnnqkfwkzfb
smxuhw
jtowanitndszkgijutzula
psyiahkxj
kkwluhmkkfojs
jtzstnzghvmgoipfxrjtvpzfsw
z
psyiahkxj
ybawmcdjjeojpxtdmtyohykpahrzo
mke
bwdmcw
uzaxoqtmxgrshvcdzgpczx
bbaettcaeaczv
euwdfjojxmjpydlqyocdnqzmvjymxl
clw
ybawmcdjjeojpxtdmtyohykpahrzo
bdnnosuzsgymzmkguooqfgpd
pkfxkvlvrlrbf
qzsbawaabzcxoiyhkckbfjprrxpcde
jp
eovoqibbxexhsvkv
eovoqibbxexhsvkv
egofzl
kstgqyfrwesupd
reqhhq
qlmfxjguyksumnbivmdgklj
unchrodswcmkuydndsfrvjdsl
n
sltyzwirzxjoo
eniiiq
