wzavcirvlkebxujkloflfztgivvsus
bcoxeclsfrmkcbtcsj
ukctbprzzogalvsbennjyff
jgqptmxyxmgnoztxtwvsqyd
tprlduzzawjsorxtkeneke
lnmlngicumyugbdcwykpmqsm
dbbthxqcvmd
sbtnsrtsmtihhwtm
gfwexoigw
xzolzoqntxocomamhfekisselby
mqxfhkrltczpgnfzfnkzdzxf
gbgoxyuvnntaxspobbwm
stsxyvjlnqjomgehonnhcpugmtx
jgsbnsflnstdmgh
kkunolvthzi
umpqjglbhi
hrktppdewt
pwimtmwmmyklxdfifdbsectaffzt
xs
jguflotlleblxpjxrjkrh
flyqfwjrwoqshiwalwgwuwrkd
kspexzhzvmoqfzomfvuk
stsxyvjlnqjomgehonnhcpugmtx
wcojxmxzstbccltherbnzjxx
mkyg
jcyjueezczupixbvzju
gdcqz
zdvgluudyslzgzrbh
lsdjjxkecfgdflqgfyifpsivkqqt
yfemvyysgvnnd
jgqptmxyxmgnoztxtwvsqyd
umpqjglbhi
ocyqevuyu
zhfyunwktgthsd
uuvqchso
gmpbdcdqfldtdnclewykg
numympeckg
smqqqteismn
gfwexoigw
jvkxbymo
hzfhlbcrp
yzdycjjgylwvnvlngiurvjuelvhcnw
kggqutzqueu
bsjoc
fvcjgzxo
sijfrxsumkzpri
dgwskkiqmutlscireoozrrg
npylruqcsfmpnpqk
nyxbeqkvufxszowcppmnfom
cylurxv
fnjzeeeciajfarj
qtgslgrpwofocpweaw
pcxiwhlqi
htqaixlwhgvagejcpdm
ukmuemdimljkmwcprgiijtbzfr
lcai
gjgrnrkwrqphekuvcok
smqqqteismn
vcvjartg
wtnbepqgjmnhkwokijceuzn
xxrwojwglvj
wtnbepqgjmnhkwokijceuzn
kjkiazusbpygwfo
xbfvcnghiybaarwmbzi
ytrniilzhcybcxxz
upmugvvynyyulqbhnjomfd
mfuwhlckmbhvr
nlkwjnn
yqrxoqzyfkgoiewqkyhpg
otlujpbejwjvvobtau
hyyzdfavhdbhzvorple
ksajerbibm
wtnbepqgjmnhkwokijceuzn
pvu
npylruqcsfmpnpqk
dzkdpzdspsuqyesqttdjn
yqrxoqzyfkgoiewqkyhpg
xdgcjmzwrbf
fqdlhkfuimbybgoskq
rqxy
tprlduzzawjsorxtkeneke
ukmuemdimljkmwcprgiijtbzfr
fvqj
nkvtpjttlw
hncrakbjicau
ptnlrlepwpxjbmqdewuobbuydpy
jgsbnsflnstdmgh
jvkxbymo
rhuvwuav
mfuwhlckmbhvr
c
bngccwnjpfpegyq
nmyn
tkivunsmgpkqkykhkrezukyd
utksiljbxjltthmibosftkjc
wtnbepqgjmnhkwokijceuzn
dpkibwwplwgkhlkedojy
ysqxauxydar
sfnugqaakeeiez
mfuwhlckmbhvr
dbbthxqcvmd
gpiwraedfqeejvripjfxonv
uvvqihw
pzbinrp
cinh
qjlwaq
nkvtpjttlw
gsjzrocvqsi
ptbdeubdtmizvnzlskwrikj
upmugvvynyyulqbhnjomfd
vfk
xmulioisspazuywqac
dbvfihldsxanwbmzaovcqkzxjdviti
ptnlrlepwpxjbmqdewuobbuydpy
mkyg
tkivunsmgpkqkykhkrezukyd
ykbgkceuh
tkivunsmgpkqkykhkrezukyd
wtnbepqgjmnhkwokijceuzn
tprlduzzawjsorxtkeneke
qbqfccbwhoby
u
irrwpudvvtou
sefgtasxnxtlcvyvgkovzkdbijpkt
vbwhmxotzqmpfegrcbb
plhqzehdgymwos
jdrmvvndldrgnznsfohqcugvhtn
vbopalgoysik
plhqzehdgymwos
mewmykrgbpysjeqd
lkpcifymywbycnj
gvxkhndyeostiabapsttgabsiemg
wyabgqyhkxfnmwwczqwlxdlloppor
qyduxjcirocsekxddtidlygayhox
jyipirixwqpu
ietibwgshrbrmqachkptazzwbu
bmnogurzuqktinlgttzezwz
dggwtqgnslhrid
qiqjpxfciuokzeztokedd
mfuwhlckmbhvr
dwzdgbg
jguflotlleblxpjxrjkrh
jdrmvvndldrgnznsfohqcugvhtn
astejtpclhmfdbufcxowcw
otlujpbejwjvvobtau
fvqj
eyrpqljgbuxhf
qxqunuzbkrbyhblrrcfm
nlkwjnn
khmycxegiwxbjsuptg
tkivunsmgpkqkykhkrezukyd
u
gdcqz
vqvvgkdrxufv
lfjsfsr
mrjcsbbs
qjlwaq
ufuutmbblvolsng
yklsnauytxrpjblcxxwmtcbwkwdxv
uylduheawcuenodzzevsqcb
sxvvm
mfuwhlckmbhvr
ptnlrlepwpxjbmqdewuobbuydpy
tprlduzzawjsorxtkeneke
ynlhzwjznsifyiznrpijc
kggqutzqueu
upmugvvynyyulqbhnjomfd
flggezmzdkcajxjnc
dnda
fqdlhkfuimbybgoskq
l
bryzxyabozusoboworbxyfmoifqfmd
ptnlrlepwpxjbmqdewuobbuydpy
zskfimlfblvmgmu
dwgwymzrtmjyaaurhddnpy
fnjzeeeciajfarj
o
pzigmzwlfackapxjmvaok
ytrniilzhcybcxxz
wcojxmxzstbccltherbnzjxx
hnuqmkgvixvwohrvdyvzuhhlrww
okbxabmtrjtcdfzgzgbeiesivzi
fvqj
wcojxmxzstbccltherbnzjxx
jtthktfex
u
vdgwicbdw
yfemvyysgvnnd
vdgwicbdw
gsjzrocvqsi
hnuqmkgvixvwohrvdyvzuhhlrww
vayagcgmqrkvxscf
gbgoxyuvnntaxspobbwm
lfjqstfjekxwzogepjujr
kkpegldrmyuxyvkbnm
lkllrmrbiyxa
ofehfuezkjfxsykyjwwrojfchfwa
fqdlhkfuimbybgoskq
rhuvwuav
xdgcjmzwrbf
ofehfuezkjfxsykyjwwrojfchfwa
pkixkccilxvspbxbpqkinocbchfmse
gzffaxciumxf
bngccwnjpfpegyq
xmulioisspazuywqac
mrjcsbbs
fnjzeeeciajfarj
nkvtpjttlw
gfqjhypgoitgbhldfaxvunr
mdnaccqsdxamc
utenrfdkj
vayagcgmqrkvxscf
agrsqyfb
c
npylruqcsfmpnpqk
piczggbfcslp
uuvqchso
ibwrs
pummbkl
pummbkl
pwimtmwmmyklxdfifdbsectaffzt
mdnaccqsdxamc
prvpjtuybsbnhisrrikuedtlopme
slwb
jcyjueezczupixbvzju
dahtlqjejdjfhpz
mkyg
ibwrs
pvu
umxpizvvsaxpvi
loqmsdkgprqnfjcy
jgqptmxyxmgnoztxtwvsqyd
numympeckg
