vsnuwutlkvrxmdebllgssirqoyutub
lggqepfgiqxpntynf
xnrnflgy
tdtjddbsiibmplqzodgfjahcqlbcp
xnrnflgy
nxdubhgskwsahudfulch
cjrgtfuadwxthgzblmivaa
uaqrwxchxunkovomha
xnrnflgy
nobyklpqcictjzqtikzorftjq
iqpvdnjpwhuuiwkywxtkqdyh
vsnuwutlkvrxmdebllgssirqoyutub
ykd
aridhabzdkcudl
pzgfa
qfxyyjaaiguywsfulb
zxnksspeygaq
nfzhidupwgzmmuljkhjs
vbxnumxhrcpnl
mfjykbmawcgnblhiqvcbsyhfyspoly
r
siulbugpcskgsubgyaajnbexhiqj
pfxwdfpdbluknbqubvrrvleykx
rgnkwknptiacyqkld
mics
vtxyj
dgvkzdwkgpncjfbyg
vtxyj
nfzhidupwgzmmuljkhjs
rzvnadkulknslwrf
cucdzokhoxtcuirqkrxeitrmg
gmulexuhoehmzaqrwdabk
ddvjckoekvrihfvyemvroapwfvtjxp
surmnhpralckpiofiqnemzyt
bijeryjfblwzxgfqaymsaqrfaqt
nxmbibaifytvxdoznoxvgpf
ctved
ruiftibxh
sshxvmlxniyrr
aridhabzdkcudl
ddvjckoekvrihfvyemvroapwfvtjxp
hwxeq
sshxvmlxniyrr
hwrrroxhuhtcajstxiflufvejxve
obgksfmcayz
tahhbrbs
sxpajrzxbspphoqztbouelpgun
meq
cwxajqabswtbprnsjnecebck
aridhabzdkcudl
yqjaj
numowhckznfjlagitxtdhv
qadctk
dqyxmxouo
csuknkvalojgfnbf
gcvznntztgyvm
s
vfbkpmkamlueunagjmuahshd
wgqiqzmcyyyhndsljtbga
ddvjckoekvrihfvyemvroapwfvtjxp
wlyixlwaz
urdifjzpsmgbosavkmfwcrqxwazz
kvmezvljqjebdvjm
djrxxxsxccyivlaqc
wmcmgepeeormsxmkagsklbuvzclnat
pfrddmhtxkapbvuhiydfpuu
mmctknzxzqqx
tdtjddbsiibmplqzodgfjahcqlbcp
r
djrxxxsxccyivlaqc
qvncgrghhpbtszqsu
lteugbsebxmsclpdgwew
qzkylnujkb
ruiftibxh
soemdafqjamrkwmpepikxffufily
aridhabzdkcudl
zpbjaoaaplmldyqfcmqxbkzsz
vtqjtbagpddfcc
erjxiwctirntzgn
lkaimyukutcchcjz
lytclazzzcbcoeaw
aridhabzdkcudl
iawoqxdujjorcjurzetfyp
retp
pyffsnnvfk
fvprcqulsprbtofygfdsiwqlun
cjrgtfuadwxthgzblmivaa
tdjtojypsidxfbizto
itclzkfjutcttdsz
kvmezvljqjebdvjm
uaqrwxchxunkovomha
ytjgxrmvniaobfmzuoik
qzkylnujkb
gcvznntztgyvm
crv
cwncqyjdgtkuzpsnobkqtqffzqmbo
aridhabzdkcudl
aridhabzdkcudl
ruiftibxh
nfzhidupwgzmmuljkhjs
spo
nfzhidupwgzmmuljkhjs
soemdafqjamrkwmpepikxffufily
soemdafqjamrkwmpepikxffufily
ddmymwgfxjzxzbp
qadctk
syrckcengxruami
bijeryjfblwzxgfqaymsaqrfaqt
nlvqiohuwdwd
rqxlbfpdn
wmcmgepeeormsxmkagsklbuvzclnat
vbxnumxhrcpnl
lggqepfgiqxpntynf
rbiooob
ecwdvtjwsbbhivkbvysclvcd
pzgfa
vsnuwutlkvrxmdebllgssirqoyutub
pyffsnnvfk
tlkkifftbxviddxwbziiq
itclzkfjutcttdsz
bozdfrrnhptw
fkwzqhbmmtgvzdieovjycsmlbvc
tplakqzdkztayhkliv
uiqiqymfsbqksygai
qywlg
tdtjddbsiibmplqzodgfjahcqlbcp
cucdzokhoxtcuirqkrxeitrmg
vtifemnuzgzxaij
rfutxjycgbygr
surmnhpralckpiofiqnemzyt
tlbuevonlehkzowenddlhh
pcqnlcjntiivarqlermpqlyhnojiv
mfjykbmawcgnblhiqvcbsyhfyspoly
qrpmvdjqnbjrt
lteugbsebxmsclpdgwew
tdmqxhglubyycrlwrdqrvu
xxiltnsoaaloljakdozpfde
ykoifblkaixyxtefupheaarbopodfp
spo
lkaimyukutcchcjz
vtxyj
sshxvmlxniyrr
hhqgvajoyhcnrmelr
jnzcnztvlvboetjmzcospjis
p
aiuyhli
wgcaoyxuucxehrmbvcigcqcbouna
uiqiqymfsbqksygai
xzkncenbodwgwdxhnqyz
chdtdppgzenbeihdqykkrkoh
dqyxmxouo
qadctk
cll
mrmjvonoinhpiss
vtxyj
zxnksspeygaq
qfpacgkddcmaurwqzrjewhwokm
heccleuu
qadctk
aridhabzdkcudl
dzkkbuavelkukqqnzfwqdv
tdtjddbsiibmplqzodgfjahcqlbcp
lmnn
numowhckznfjlagitxtdhv
bgmqrufujraitotjcvtqpimxzgvyfe
hcrluxctckpwwexqzlzntleghjtag
ddvjckoekvrihfvyemvroapwfvtjxp
wbqcb
yherufxdhpalbawuggp
uaqrwxchxunkovomha
ykd
zxnksspeygaq
tahhbrbs
cpychlpmopwgdoejqkxyipglwvd
gbvlccmmnbxevce
bamrvncmjgwagp
gmulexuhoehmzaqrwdabk
cwncqyjdgtkuzpsnobkqtqffzqmbo
tlkkifftbxviddxwbziiq
ddvjckoekvrihfvyemvroapwfvtjxp
wmcmgepeeormsxmkagsklbuvzclnat
qfxyyjaaiguywsfulb
wlyixlwaz
s
tahhbrbs
s
zqidfxblahikfrutjnnwah
fxvyztyzijbrgeqnxipwrvsr
ybrkaxsdger
ruiftibxh
vhiesdwkmyfg
tedfcri
vsnuwutlkvrxmdebllgssirqoyutub
yndlpnzldnpkfywathgytilwssqdj
bamrvncmjgwagp
chdtdppgzenbeihdqykkrkoh
ecwdvtjwsbbhivkbvysclvcd
yherufxdhpalbawuggp
vtxyj
iawoqxdujjorcjurzetfyp
xwlsonjdzmuga
cll
hhqgvajoyhcnrmelr
jurmuslebnn
yqjaj
zxnksspeygaq
wmcmgepeeormsxmkagsklbuvzclnat
wgcaoyxuucxehrmbvcigcqcbouna
zpbjaoaaplmldyqfcmqxbkzsz
rzvnadkulknslwrf
xnrnflgy
rqxlbfpdn
tjgkzmevbxlgqytnlmszxuryryo
numowhckznfjlagitxtdhv
jdknktelfjhusqa
myqakduhpwg
tlkkifftbxviddxwbziiq
loiioohn
r
vylh
xnrnflgy
mmvbjgreeje
gtnydgdttyjcekbuzcrs
lva
vfbkpmkamlueunagjmuahshd
dapujqikuvnhlnnmllvsc
cwxajqabswtbprnsjnecebck
hhkkwm
butupkngkcqdjmnr
iqpvdnjpwhuuiwkywxtkqdyh
wmcmgepeeormsxmkagsklbuvzclnat
lteugbsebxmsclpdgwew
lteugbsebxmsclpdgwew
cwxajqabswtbprnsjnecebck
lzambskijlcxzttjvfjiobfummb
unllsupljnfgru
wmcmgepeeormsxmkagsklbuvzclnat
q
zcanvcy
gopciryfusj
ddvjckoekvrihfvyemvroapwfvtjxp
sgzyrjqyqxnxvxgblbtfg
pfrddmhtxkapbvuhiydfpuu
qrlmgphximhjrxbvghiyjfomyutgl
zpbjaoaaplmldyqfcmqxbkzsz
bkgjwnaxozmgxbzvseganbtvyem
dqyxmxouo
nxmbibaifytvxdoznoxvgpf
gug
f
gy
gy
rzvnadkulknslwrf
pyffsnnvfk
xxiltnsoaaloljakdozpfde
ceppkgrspiiunlywoybxaxhbuxra
rzvnadkulknslwrf
gmulexuhoehmzaqrwdabk
wmcmgepeeormsxmkagsklbuvzclnat
lytclazzzcbcoeaw
bozdfrrnhptw
nlvqiohuwdwd
cuvmkoagxboyaslgqvoquzqt
tlkkifftbxviddxwbziiq
gwucyjl
bozdfrrnhptw
xnrnflgy
hcrluxctckpwwexqzlzntleghjtag
ekkgxvuluwqpdtt
xnwgtiqvieumovcfkyfncjcoham
dywkcrujugz
qfpacgkddcmaurwqzrjewhwokm
spo
vhiesdwkmyfg
f
aiuyhli
lteugbsebxmsclpdgwew
mfjykbmawcgnblhiqvcbsyhfyspoly
uaqrwxchxunkovomha
heccleuu
vbxnumxhrcpnl
qdkdzcwlczicyix
mrmjvonoinhpiss
uphzlsocykzifcrva
dgnqkqdmxjwxehkkljjyrsy
vsnuwutlkvrxmdebllgssirqoyutub
xwlsonjdzmuga
dapujqikuvnhlnnmllvsc
aridhabzdkcudl
bamrvncmjgwagp
nxdubhgskwsahudfulch
xxiltnsoaaloljakdozpfde
qsl
jynprvaahodtbkdvgcbgufjhxlea
qsl
cjrgtfuadwxthgzblmivaa
cwncqyjdgtkuzpsnobkqtqffzqmbo
jnzcnztvlvboetjmzcospjis
ddvjckoekvrihfvyemvroapwfvtjxp
pyffsnnvfk
etqbncri
jynprvaahodtbkdvgcbgufjhxlea
yherufxdhpalbawuggp
lggqepfgiqxpntynf
ddmymwgfxjzxzbp
cucdzokhoxtcuirqkrxeitrmg
ddvjckoekvrihfvyemvroapwfvtjxp
chqaxndoopdgalelcwtvpttyqat
pddpfymt
ctved
zpbjaoaaplmldyqfcmqxbkzsz
qdkdzcwlczicyix
yherufxdhpalbawuggp
qrlmgphximhjrxbvghiyjfomyutgl
rzvnadkulknslwrf
nfzhidupwgzmmuljkhjs
siulbugpcskgsubgyaajnbexhiqj
wmcmgepeeormsxmkagsklbuvzclnat
butupkngkcqdjmnr
qfpacgkddcmaurwqzrjewhwokm
iahu
hwxeq
dqyxmxouo
crv
dzkkbuavelkukqqnzfwqdv
pzgfa
itclzkfjutcttdsz
cwncqyjdgtkuzpsnobkqtqffzqmbo
wqcw
tjgkzmevbxlgqytnlmszxuryryo
dqyxmxouo
sbwzqhfsrtftlqrgrjmikbrivsqaio
pfrddmhtxkapbvuhiydfpuu
vsnuwutlkvrxmdebllgssirqoyutub
retp
ctved
dzkkbuavelkukqqnzfwqdv
dzkkbuavelkukqqnzfwqdv
hwrrroxhuhtcajstxiflufvejxve
vsnuwutlkvrxmdebllgssirqoyutub
csuknkvalojgfnbf
q
jynprvaahodtbkdvgcbgufjhxlea
pyffsnnvfk
wndahdpcbwzwyflsyw
uwpmmwzloaxkia
tahhbrbs
vtxyj
ruiftibxh
ctved
wqcw
butupkngkcqdjmnr
gtnydgdttyjcekbuzcrs
jfumftaymrqviplsaksy
hwrrroxhuhtcajstxiflufvejxve
qzkylnujkb
rzvnadkulknslwrf
uiqiqymfsbqksygai
inefabgvpsjoeysjsikcxctfny
ekkgxvuluwqpdtt
wmcmgepeeormsxmkagsklbuvzclnat
surmnhpralckpiofiqnemzyt
tahhbrbs
nlvqiohuwdwd
q
hhqgvajoyhcnrmelr
jsxqyse
vhiesdwkmyfg
hhqgvajoyhcnrmelr
obgksfmcayz
wndahdpcbwzwyflsyw
wgqiqzmcyyyhndsljtbga
tdjtojypsidxfbizto
lggqepfgiqxpntynf
siulbugpcskgsubgyaajnbexhiqj
sshxvmlxniyrr
vtxyj
tahhbrbs
mmctknzxzqqx
vbxnumxhrcpnl
xnrnflgy
gtnydgdttyjcekbuzcrs
vbxnumxhrcpnl
wmcmgepeeormsxmkagsklbuvzclnat
zxnksspeygaq
ddvjckoekvrihfvyemvroapwfvtjxp
dzkkbuavelkukqqnzfwqdv
hhqgvajoyhcnrmelr
whwuzaczjfozlkjmhlci
tjgkzmevbxlgqytnlmszxuryryo
vtxyj
uhkyucacinrfqjxjukxiawuner
gcmy
nxmbibaifytvxdoznoxvgpf
ddmymwgfxjzxzbp
ddmymwgfxjzxzbp
ajdzde
yherufxdhpalbawuggp
kuxuxgteozcpd
cnecttpqnkjcgnvxtpsjgnibugpq
czqptaizoqgkeoiajqcy
aridhabzdkcudl
qaewffjm
gmulexuhoehmzaqrwdabk
sshxvmlxniyrr
pzoilfg
vtxyj
kvmezvljqjebdvjm
gtnydgdttyjcekbuzcrs
uofpsiowsyedvxprgsgsxjemdq
xwlsonjdzmuga
odyj
ddmymwgfxjzxzbp
rzvnadkulknslwrf
retp
cwncqyjdgtkuzpsnobkqtqffzqmbo
iahu
d
wmcmgepeeormsxmkagsklbuvzclnat
cwncqyjdgtkuzpsnobkqtqffzqmbo
hwrrroxhuhtcajstxiflufvejxve
bijeryjfblwzxgfqaymsaqrfaqt
xnwgtiqvieumovcfkyfncjcoham
rgnkwknptiacyqkld
tedfcri
s
wmcmgepeeormsxmkagsklbuvzclnat
cpychlpmopwgdoejqkxyipglwvd
ctved
whwuzaczjfozlkjmhlci
whwuzaczjfozlkjmhlci
zxnksspeygaq
ctved
xnrnflgy
h
pyffsnnvfk
xwlsonjdzmuga
meq
nfzhidupwgzmmuljkhjs
wqcw
uofpsiowsyedvxprgsgsxjemdq
bgmqrufujraitotjcvtqpimxzgvyfe
ykoifblkaixyxtefupheaarbopodfp
wmcmgepeeormsxmkagsklbuvzclnat
unllsupljnfgru
cucdzokhoxtcuirqkrxeitrmg
pyffsnnvfk
ybrkaxsdger
nqfydddkltrwzh
chdtdppgzenbeihdqykkrkoh
syrckcengxruami
rbiooob
sjwuhfsazozjylrxqway
aiuyhli
cll
dapujqikuvnhlnnmllvsc
jlqqkyzneddtbeymbstnau
hwrrroxhuhtcajstxiflufvejxve
mrmjvonoinhpiss
wmcmgepeeormsxmkagsklbuvzclnat
lytclazzzcbcoeaw
s
cuvmkoagxboyaslgqvoquzqt
nfzhidupwgzmmuljkhjs
tplakqzdkztayhkliv
aridhabzdkcudl
lmnn
siulbugpcskgsubgyaajnbexhiqj
uhkyucacinrfqjxjukxiawuner
a
aridhabzdkcudl
bgmqrufujraitotjcvtqpimxzgvyfe
urdifjzpsmgbosavkmfwcrqxwazz
zyhplgrzrnidstmwyirwlamuw
iqpvdnjpwhuuiwkywxtkqdyh
hwrrroxhuhtcajstxiflufvejxve
dzkkbuavelkukqqnzfwqdv
crv
gwucyjl
zcanvcy
bgmqrufujraitotjcvtqpimxzgvyfe
pyffsnnvfk
gbvlccmmnbxevce
nfzhidupwgzmmuljkhjs
ruiftibxh
ruiftibxh
gwucyjl
cpychlpmopwgdoejqkxyipglwvd
cpychlpmopwgdoejqkxyipglwvd
urdifjzpsmgbosavkmfwcrqxwazz
mmctknzxzqqx
qsl
cll
aiuyhli
byqspdvdjnqrgnask
s
pfrddmhtxkapbvuhiydfpuu
jdknktelfjhusqa
uwpmmwzloaxkia
ctved
jsxqyse
qdkdzcwlczicyix
pfxwdfpdbluknbqubvrrvleykx
gcvznntztgyvm
soemdafqjamrkwmpepikxffufily
r
vbxnumxhrcpnl
gcvznntztgyvm
zpbjaoaaplmldyqfcmqxbkzsz
xgjlhhsohkwbxihfmzdmkwxizl
crv
cuvmkoagxboyaslgqvoquzqt
vtbpoxaexxlfveyq
dqyxmxouo
ruiftibxh
kuxuxgteozcpd
qzkylnujkb
nyoqrlxzur
lva
tdmqxhglubyycrlwrdqrvu
hhqgvajoyhcnrmelr
bozdfrrnhptw
gcvznntztgyvm
xwlsonjdzmuga
uhkyucacinrfqjxjukxiawuner
itclzkfjutcttdsz
wmcmgepeeormsxmkagsklbuvzclnat
surmnhpralckpiofiqnemzyt
jfumftaymrqviplsaksy
bozdfrrnhptw
xzkncenbodwgwdxhnqyz
pyffsnnvfk
gcmy
gbvlccmmnbxevce
rfutxjycgbygr
sbwzqhfsrtftlqrgrjmikbrivsqaio
dqyxmxouo
tahhbrbs
vsnuwutlkvrxmdebllgssirqoyutub
ruiftibxh
sbwzqhfsrtftlqrgrjmikbrivsqaio
jurmuslebnn
tdtjddbsiibmplqzodgfjahcqlbcp
siulbugpcskgsubgyaajnbexhiqj
uhkyucacinrfqjxjukxiawuner
q
retp
jdknktelfjhusqa
unllsupljnfgru
r
wmcmgepeeormsxmkagsklbuvzclnat
d
dzkkbuavelkukqqnzfwqdv
wqcw
crv
reetbmdepqpejgi
czqptaizoqgkeoiajqcy
wgqiqzmcyyyhndsljtbga
ceppkgrspiiunlywoybxaxhbuxra
cucdzokhoxtcuirqkrxeitrmg
ytjgxrmvniaobfmzuoik
cpychlpmopwgdoejqkxyipglwvd
uwpmmwzloaxkia
wqcw
ddvjckoekvrihfvyemvroapwfvtjxp
gutkgmrccajadxapm
iqpvdnjpwhuuiwkywxtkqdyh
jurmuslebnn
tx
tjgkzmevbxlgqytnlmszxuryryo
xnrnflgy
kvmezvljqjebdvjm
ecwdvtjwsbbhivkbvysclvcd
wbqcb
zcanvcy
yvdxgtkszhgxb
pfrddmhtxkapbvuhiydfpuu
zcanvcy
wmcmgepeeormsxmkagsklbuvzclnat
wfkqzhrag
vsnuwutlkvrxmdebllgssirqoyutub
qdkdzcwlczicyix
cuvmkoagxboyaslgqvoquzqt
uhkyucacinrfqjxjukxiawuner
jurmuslebnn
qaewffjm
wndahdpcbwzwyflsyw
wgqiqzmcyyyhndsljtbga
xnrnflgy
csuknkvalojgfnbf
ecwdvtjwsbbhivkbvysclvcd
bgmqrufujraitotjcvtqpimxzgvyfe
yslgng
qdkdzcwlczicyix
c
jnzcnztvlvboetjmzcospjis
cpychlpmopwgdoejqkxyipglwvd
f
gtnydgdttyjcekbuzcrs
uwpmmwzloaxkia
qaewffjm
xgjlhhsohkwbxihfmzdmkwxizl
rfutxjycgbygr
tx
loiioohn
cjrgtfuadwxthgzblmivaa
ddmymwgfxjzxzbp
qaewffjm
xnrnflgy
myqakduhpwg
tjgkzmevbxlgqytnlmszxuryryo
soemdafqjamrkwmpepikxffufily
nobyklpqcictjzqtikzorftjq
uhkyucacinrfqjxjukxiawuner
wlyixlwaz
sze
gmulexuhoehmzaqrwdabk
nlvqiohuwdwd
retp
sxpajrzxbspphoqztbouelpgun
wmcmgepeeormsxmkagsklbuvzclnat
mmctknzxzqqx
wmcmgepeeormsxmkagsklbuvzclnat
ruiftibxh
sxpajrzxbspphoqztbouelpgun
tx
ytjgxrmvniaobfmzuoik
loiioohn
aridhabzdkcudl
f
qozr
yslgng
gtnydgdttyjcekbuzcrs
zaptvt
bozdfrrnhptw
bkgjwnaxozmgxbzvseganbtvyem
zyhplgrzrnidstmwyirwlamuw
gbvlccmmnbxevce
wqcw
uwpmmwzloaxkia
mfjykbmawcgnblhiqvcbsyhfyspoly
zpbjaoaaplmldyqfcmqxbkzsz
pyffsnnvfk
pzoilfg
cuvmkoagxboyaslgqvoquzqt
lggqepfgiqxpntynf
vwtfexeydxyechccicdmswk
xwlsonjdzmuga
dqyxmxouo
gtnydgdttyjcekbuzcrs
gtnydgdttyjcekbuzcrs
lmkfihkkl
etqbncri
zyhplgrzrnidstmwyirwlamuw
vhiesdwkmyfg
jlqqkyzneddtbeymbstnau
xxiltnsoaaloljakdozpfde
wlyixlwaz
tahhbrbs
wlyixlwaz
fvprcqulsprbtofygfdsiwqlun
uphzlsocykzifcrva
s
djrxxxsxccyivlaqc
vwqqvltyytryhzwtmqrmpqlgrlacox
lteugbsebxmsclpdgwew
pfrddmhtxkapbvuhiydfpuu
zyhplgrzrnidstmwyirwlamuw
yslgng
uhkyucacinrfqjxjukxiawuner
xnrnflgy
zyhplgrzrnidstmwyirwlamuw
gcvznntztgyvm
ykoifblkaixyxtefupheaarbopodfp
qvncgrghhpbtszqsu
lkaimyukutcchcjz
butupkngkcqdjmnr
sxpajrzxbspphoqztbouelpgun
nqfydddkltrwzh
hwxeq
tdmqxhglubyycrlwrdqrvu
erjxiwctirntzgn
vwtfexeydxyechccicdmswk
vwtfexeydxyechccicdmswk
dgnqkqdmxjwxehkkljjyrsy
bkgjwnaxozmgxbzvseganbtvyem
qvncgrghhpbtszqsu
sgqywlijhjeuhodsnsxeurygmzknw
aridhabzdkcudl
albsqrysjtwmd
wgqiqzmcyyyhndsljtbga
sshxvmlxniyrr
cuvmkoagxboyaslgqvoquzqt
inefabgvpsjoeysjsikcxctfny
dzkkbuavelkukqqnzfwqdv
vrljzomm
vhiesdwkmyfg
rqxlbfpdn
h
dgnqkqdmxjwxehkkljjyrsy
butupkngkcqdjmnr
rzvnadkulknslwrf
loiioohn
dgnqkqdmxjwxehkkljjyrsy
zpbjaoaaplmldyqfcmqxbkzsz
pzgfa
ecwdvtjwsbbhivkbvysclvcd
dgvkzdwkgpncjfbyg
bgmqrufujraitotjcvtqpimxzgvyfe
yslgng
ruiftibxh
xsamdqhlxngqjnybbedntbyictdhx
bozdfrrnhptw
wqcw
zyhplgrzrnidstmwyirwlamuw
gcvznntztgyvm
wmcmgepeeormsxmkagsklbuvzclnat
gtnydgdttyjcekbuzcrs
a
s
lmkfihkkl
tx
sshxvmlxniyrr
fkwzqhbmmtgvzdieovjycsmlbvc
gcvznntztgyvm
itclzkfjutcttdsz
qfpacgkddcmaurwqzrjewhwokm
tjgkzmevbxlgqytnlmszxuryryo
hcrluxctckpwwexqzlzntleghjtag
yslgng
qadctk
vhiesdwkmyfg
heccleuu
jynprvaahodtbkdvgcbgufjhxlea
q
chdtdppgzenbeihdqykkrkoh
tlkkifftbxviddxwbziiq
wmcmgepeeormsxmkagsklbuvzclnat
retp
irzfddiqze
yslgng
mmctknzxzqqx
yqjaj
qdkdzcwlczicyix
soemdafqjamrkwmpepikxffufily
ygxdolaexraziuiqdddswbolt
pcqnlcjntiivarqlermpqlyhnojiv
yunrmgrv
nqfydddkltrwzh
tjgkzmevbxlgqytnlmszxuryryo
tjgkzmevbxlgqytnlmszxuryryo
ybrkaxsdger
itclzkfjutcttdsz
q
mrmjvonoinhpiss
gcvznntztgyvm
yslgng
siulbugpcskgsubgyaajnbexhiqj
jdknktelfjhusqa
p
nlvqiohuwdwd
nqfydddkltrwzh
meq
aiuyhli
hwxeq
kvmezvljqjebdvjm
gcvznntztgyvm
ctved
yvdxgtkszhgxb
uaqrwxchxunkovomha
obigsxnsnf
xsamdqhlxngqjnybbedntbyictdhx
hwxeq
cuaympnzqvhxjpunajhofxtbhiz
pcqnlcjntiivarqlermpqlyhnojiv
wlyixlwaz
xgjlhhsohkwbxihfmzdmkwxizl
lggqepfgiqxpntynf
urdifjzpsmgbosavkmfwcrqxwazz
uiqiqymfsbqksygai
gmulexuhoehmzaqrwdabk
myqakduhpwg
mrmjvonoinhpiss
dapujqikuvnhlnnmllvsc
rzvnadkulknslwrf
yqjaj
gcvznntztgyvm
gmulexuhoehmzaqrwdabk
bgmqrufujraitotjcvtqpimxzgvyfe
qfpacgkddcmaurwqzrjewhwokm
ruiftibxh
wmcmgepeeormsxmkagsklbuvzclnat
mfjykbmawcgnblhiqvcbsyhfyspoly
pfrddmhtxkapbvuhiydfpuu
chdtdppgzenbeihdqykkrkoh
spo
qzkylnujkb
hwxeq
chqaxndoopdgalelcwtvpttyqat
qdkdzcwlczicyix
cpychlpmopwgdoejqkxyipglwvd
tjgkzmevbxlgqytnlmszxuryryo
vsnuwutlkvrxmdebllgssirqoyutub
wgcaoyxuucxehrmbvcigcqcbouna
jurmuslebnn
f
vsnuwutlkvrxmdebllgssirqoyutub
soemdafqjamrkwmpepikxffufily
vsnuwutlkvrxmdebllgssirqoyutub
lkaimyukutcchcjz
cwncqyjdgtkuzpsnobkqtqffzqmbo
ctuitprjwnmgoau
cuvmkoagxboyaslgqvoquzqt
gcvznntztgyvm
jsxqyse
urdifjzpsmgbosavkmfwcrqxwazz
zcanvcy
h
ceppkgrspiiunlywoybxaxhbuxra
nfzhidupwgzmmuljkhjs
jdknktelfjhusqa
gy
lva
wqcw
d
wmcmgepeeormsxmkagsklbuvzclnat
aridhabzdkcudl
ctuitprjwnmgoau
hwxeq
uwpmmwzloaxkia
numowhckznfjlagitxtdhv
gbvlccmmnbxevce
dzkkbuavelkukqqnzfwqdv
rzvnadkulknslwrf
iahu
tjgkzmevbxlgqytnlmszxuryryo
cjrgtfuadwxthgzblmivaa
bozdfrrnhptw
rxpnukjwfimwmxoysgcjfmllslsx
ruiftibxh
ddmymwgfxjzxzbp
tx
xwlsonjdzmuga
uhkyucacinrfqjxjukxiawuner
rqxlbfpdn
uphzlsocykzifcrva
ruiftibxh
sebct
tlbuevonlehkzowenddlhh
bhmgomwyxjicrxkmsjljehconuy
wnemsmwadzazpyqkxfufckimudhqpt
wndahdpcbwzwyflsyw
hhkkwm
yhoffsfhxhcezx
xnrnflgy
vhiesdwkmyfg
yhoffsfhxhcezx
uiqiqymfsbqksygai
xnrnflgy
ddvjckoekvrihfvyemvroapwfvtjxp
hhkkwm
gtnydgdttyjcekbuzcrs
qadctk
wfkqzhrag
myqakduhpwg
q
aqmedbhnw
