vkkqfquplyegdiglwwxcdxihta
ucczahvssuaxtiir
croarncjxzsrobrgttlzmmxumkxi
myo
hdjvwzgamrxp
hbhzd
odpyrtuyfpmq
roncgnczeyoextbcrl
hrpkfgczuufkstgbpijntbotjmg
ifiohebdjybmirtgxsbdmpv
bva
ucczahvssuaxtiir
fmyiixuxlxsaqntkbbkby
tqntadxygodueecoswpxxhoqmowpga
ignlvlgpiisvymryellkroqz
ofydqdrrsihy
vcdnbzai
gzygjdvgmlrqovxgrifo
oxulgzpad
noxdqmebqrjqkpsahhv
gzygjdvgmlrqovxgrifo
clyyiavmxaileogy
ewvjizfkikw
axxqjglewbnxemyfxiqtirb
ogh
ldalgpnwvozpqtceewfd
vjzhsxdo
vjzhsxdo
oxulgzpad
tqntadxygodueecoswpxxhoqmowpga
wmfenqyvgd
oxulgzpad
wbuevwbdrfdxcsvmym
nkwerczuyynyfd
ignlvlgpiisvymryellkroqz
mbwhgqavrarwatllrtwamc
tsfabqelkbscwmxzmnqfkqzlerojso
fb
fscirfrbjulwndvmkwp
mbwhgqavrarwatllrtwamc
pdhmqqbpphhky
mbwhgqavrarwatllrtwamc
vlnlu
vlxtfn
ignlvlgpiisvymryellkroqz
hbhzd
wmfenqyvgd
wbuevwbdrfdxcsvmym
bva
pgpkxrnqhekguuscbrivhlophagpa
mbwhgqavrarwatllrtwamc
eyhpvsqbtvzq
mbwhgqavrarwatllrtwamc
msuhamglidaytpmyszjiqwkve
vgfoyjzckeqlo
ez
ignlvlgpiisvymryellkroqz
mmataaafhhrfsoyvnpiqm
uzumdrpjvasywiltubzvpqptlqoqsj
ewvjizfkikw
dhetfcfzspwgslcihd
fmyiixuxlxsaqntkbbkby
wsojemgltgelzxjalbhnolbwvfek
klojdtxlnv
ldalgpnwvozpqtceewfd
pszxefyvmflkxihvrzlmvvzohvlyro
rbexfgl
kghyuwgw
niiuvfydislftslxuwomyevdb
ifiohebdjybmirtgxsbdmpv
odpyrtuyfpmq
agbafxehfgdaiwasiov
wbuevwbdrfdxcsvmym
nkwerczuyynyfd
pvwhlbiqjucaeozhnqyrmvjvlflez
xubbhliifwchcqzuqwhoebvjjhwt
gzygjdvgmlrqovxgrifo
bocohundchvpddvstlj
vabcynvjmxhqpoxehpfhss
nqxoyeqmcsevnsceqmxdqdm
vti
ewvjizfkikw
odpyrtuyfpmq
pxgdeq
ttmymxa
ogh
fmyiixuxlxsaqntkbbkby
mbwhgqavrarwatllrtwamc
tghfcuyhz
vabcynvjmxhqpoxehpfhss
uzumdrpjvasywiltubzvpqptlqoqsj
vcdnbzai
scaqcmzvlovpqjtfljjmxkkovqtz
upnbbuqdjcayeextp
oxulgzpad
tdo
hlbstrn
oxulgzpad
noxdqmebqrjqkpsahhv
ahzbjbtsapszprrlfjuad
roncgnczeyoextbcrl
agbafxehfgdaiwasiov
jnltfjznrqqjifstfpltkfklgzakd
noxdqmebqrjqkpsahhv
suxdau
wsojemgltgelzxjalbhnolbwvfek
nkwerczuyynyfd
ifiohebdjybmirtgxsbdmpv
jnltfjznrqqjifstfpltkfklgzakd
vti
pdhmqqbpphhky
njkizfjfpiganrkl
mbwhgqavrarwatllrtwamc
tsfabqelkbscwmxzmnqfkqzlerojso
tngtuypxbiscdjldgxczklmmejiop
pszxefyvmflkxihvrzlmvvzohvlyro
vti
oszsykdzjdmtxmfaahipt
dhetfcfzspwgslcihd
vlxtfn
fmyiixuxlxsaqntkbbkby
rbexfgl
udfiqpgfuxuimmyrkwsjbh
ifiohebdjybmirtgxsbdmpv
hxkcoqcgehfzpnhvxqurmi
ogh
pvwhlbiqjucaeozhnqyrmvjvlflez
saawcwomlcleyxtv
almsfkvuuadflwjmgt
roncgnczeyoextbcrl
almsfkvuuadflwjmgt
nkwerczuyynyfd
hbhzd
vgfoyjzckeqlo
almsfkvuuadflwjmgt
bocohundchvpddvstlj
upnbbuqdjcayeextp
bva
vlxtfn
dl
ksugcjvaqtx
dhv
oszsykdzjdmtxmfaahipt
vti
dhetfcfzspwgslcihd
ignlvlgpiisvymryellkroqz
vjzhsxdo
eyhpvsqbtvzq
ogh
tsfabqelkbscwmxzmnqfkqzlerojso
hbhzd
kfzsni
vjzhsxdo
nvrgzmedepbzcpcmjsrtogkducbmb
eyhpvsqbtvzq
rhxlkzhbgfockxhtukll
rqsyytd
mbwhgqavrarwatllrtwamc
klojdtxlnv
etiwrsaxlvfrkarbxkpdoqpazvufr
agbafxehfgdaiwasiov
pfuvmzvnocedzwrjqd
udfiqpgfuxuimmyrkwsjbh
ksugcjvaqtx
ctgjmzpohkncwxzfz
msuhamglidaytpmyszjiqwkve
hrpkfgczuufkstgbpijntbotjmg
udfiqpgfuxuimmyrkwsjbh
bva
gzygjdvgmlrqovxgrifo
wmfenqyvgd
xubbhliifwchcqzuqwhoebvjjhwt
udfiqpgfuxuimmyrkwsjbh
vabcynvjmxhqpoxehpfhss
pvwhlbiqjucaeozhnqyrmvjvlflez
vgfoyjzckeqlo
noxdqmebqrjqkpsahhv
niiuvfydislftslxuwomyevdb
ttmymxa
wmfenqyvgd
shyh
msuhamglidaytpmyszjiqwkve
scmiqh
vkkqfquplyegdiglwwxcdxihta
noxdqmebqrjqkpsahhv
ogh
roncgnczeyoextbcrl
omyrhadriqvltkarr
rbexfgl
odpyrtuyfpmq
ofydqdrrsihy
pszxefyvmflkxihvrzlmvvzohvlyro
scaqcmzvlovpqjtfljjmxkkovqtz
oszsykdzjdmtxmfaahipt
ctgjmzpohkncwxzfz
pszxefyvmflkxihvrzlmvvzohvlyro
gzygjdvgmlrqovxgrifo
mbwhgqavrarwatllrtwamc
kgiqrumlkmllisiiggaa
vttcxtidadcohhuaytew
snoplvqtsconzmckspdajlyjor
akjmf
roncgnczeyoextbcrl
ifiohebdjybmirtgxsbdmpv
siimyvdjbf
vgfoyjzckeqlo
wmfenqyvgd
tngtuypxbiscdjldgxczklmmejiop
mbwhgqavrarwatllrtwamc
croarncjxzsrobrgttlzmmxumkxi
ewvjizfkikw
kghyuwgw
pchwn
croarncjxzsrobrgttlzmmxumkxi
oszsykdzjdmtxmfaahipt
bva
yh
tsfabqelkbscwmxzmnqfkqzlerojso
uzumdrpjvasywiltubzvpqptlqoqsj
fscirfrbjulwndvmkwp
pvwhlbiqjucaeozhnqyrmvjvlflez
iflue
ldalgpnwvozpqtceewfd
wmfenqyvgd
vlxtfn
uoufxwrcvtcoburfrjemqiwvyncbem
nvrgzmedepbzcpcmjsrtogkducbmb
wmfenqyvgd
vttcxtidadcohhuaytew
vx
udfiqpgfuxuimmyrkwsjbh
vti
sbprd
odpyrtuyfpmq
udfiqpgfuxuimmyrkwsjbh
ifiohebdjybmirtgxsbdmpv
bocohundchvpddvstlj
bocohundchvpddvstlj
hrpkfgczuufkstgbpijntbotjmg
dhetfcfzspwgslcihd
klojdtxlnv
vti
odpyrtuyfpmq
nveijdvyirepra
ewvjizfkikw
dscynuhqosusve
yh
almsfkvuuadflwjmgt
xmcndlolnktteid
vx
rhxlkzhbgfockxhtukll
hrpkfgczuufkstgbpijntbotjmg
dscynuhqosusve
vgfoyjzckeqlo
vkkqfquplyegdiglwwxcdxihta
vgfoyjzckeqlo
vabcynvjmxhqpoxehpfhss
eyhpvsqbtvzq
odpyrtuyfpmq
upnbbuqdjcayeextp
dhv
bocohundchvpddvstlj
suxdau
mbwhgqavrarwatllrtwamc
roncgnczeyoextbcrl
hbhzd
msuhamglidaytpmyszjiqwkve
omyrhadriqvltkarr
ksugcjvaqtx
nvrgzmedepbzcpcmjsrtogkducbmb
ifiohebdjybmirtgxsbdmpv
agbafxehfgdaiwasiov
ifiohebdjybmirtgxsbdmpv
vjzhsxdo
vlnlu
kgiqrumlkmllisiiggaa
xubbhliifwchcqzuqwhoebvjjhwt
ignlvlgpiisvymryellkroqz
ogh
tqntadxygodueecoswpxxhoqmowpga
vx
nqxoyeqmcsevnsceqmxdqdm
fmyiixuxlxsaqntkbbkby
