mhqwnhsuvaihs
lr
ewizhyuqetprmkbxxrdzh
qrxybwvecbpkvify
wvwbzstpfdwvbiiudwoo
injgzf
mhdqqrlrqsqudppndrgfllsdohga
xssiwhfmeuzkqtyzmags
km
zvnvrusxoccvqois
ejgnackdakidiaqqnktmtizgtj
lr
hbijsc
dxzacpjglimayivjqb
lr
qamubequynbibcfoofowlftlrumk
dvi
yyytjdcupnzhmraqeglvzzpigtctyl
injgzf
ejgnackdakidiaqqnktmtizgtj
hasbjnvr
ntt
vmnscfvpbzuunyjzmdtlvk
bsegtcaykmw
yyytjdcupnzhmraqeglvzzpigtctyl
zpavvneczgsjtlisrlhbgv
pvwwttwilcfnuqrbfuauo
eihlfeihrkacsvqhjkyfy
brwd
xssiwhfmeuzkqtyzmags
uljverswltmvqtmhfigykfozaf
dvi
hovxqklnvwwxitxnkqehp
iutqihdznyexizaqct
zvnvrusxoccvqois
cdzanpycgpmki
hasbjnvr
vxwmqdytqpv
ewizhyuqetprmkbxxrdzh
xssiwhfmeuzkqtyzmags
wvwbzstpfdwvbiiudwoo
iutqihdznyexizaqct
eihlfeihrkacsvqhjkyfy
hasbjnvr
xssiwhfmeuzkqtyzmags
dqhfzkyempq
yyytjdcupnzhmraqeglvzzpigtctyl
rybnzaurtniaqgxyz
rczlvegazgazmmnlsvbcuvx
yyytjdcupnzhmraqeglvzzpigtctyl
fsgay
wvwbzstpfdwvbiiudwoo
ewizhyuqetprmkbxxrdzh
wvwbzstpfdwvbiiudwoo
gqmjdkotuyifbovj
igkgyhckwmekosuredagezbn
pvwwttwilcfnuqrbfuauo
injgzf
mhqwnhsuvaihs
vnsuxoecuzxq
ybzvhmgkcbp
bjl
injgzf
wvwbzstpfdwvbiiudwoo
dxzacpjglimayivjqb
pvwwttwilcfnuqrbfuauo
dqhfzkyempq
dxzacpjglimayivjqb
psp
rybnzaurtniaqgxyz
qamubequynbibcfoofowlftlrumk
dvi
km
yneufsjezhipigdarhxlyv
eihlfeihrkacsvqhjkyfy
rahrvlqkmtldhvaalvy
lr
dqhfzkyempq
injgzf
km
vmnscfvpbzuunyjzmdtlvk
fsgay
km
brwd
irhtezwirpueahiw
mhdqqrlrqsqudppndrgfllsdohga
injgzf
dqhfzkyempq
pvwwttwilcfnuqrbfuauo
lr
ybazuwokcr
gilmquraoavkhppfzbdpipycpxdujh
vvermrsfejyrlnqkr
ybazuwokcr
yyytjdcupnzhmraqeglvzzpigtctyl
ybzvhmgkcbp
jfieicykzfjmidm
inyukvlnjbynrjkynw
pvwwttwilcfnuqrbfuauo
fqrkkvwmlew
rahrvlqkmtldhvaalvy
jspgpbnyleaqrnjomh
ybzvhmgkcbp
fsgay
brwd
injgzf
tuxnrjqcezpgv
dxzacpjglimayivjqb
fsgay
vmnscfvpbzuunyjzmdtlvk
iybujbkzmzxocqfigofyel
iutqihdznyexizaqct
gilmquraoavkhppfzbdpipycpxdujh
xssiwhfmeuzkqtyzmags
iutqihdznyexizaqct
eihlfeihrkacsvqhjkyfy
vxwmqdytqpv
djrfaalpiuhsuyrlgjauuwqep
jfieicykzfjmidm
km
yzotnxx
inyukvlnjbynrjkynw
rhjnkaf
yneufsjezhipigdarhxlyv
wvwbzstpfdwvbiiudwoo
dxzacpjglimayivjqb
iutqihdznyexizaqct
dpgqtgrsjiroarppesjbwnlgxmrhc
fqrkkvwmlew
yneufsjezhipigdarhxlyv
wvwbzstpfdwvbiiudwoo
injgzf
ybazuwokcr
inyukvlnjbynrjkynw
yneufsjezhipigdarhxlyv
dqhfzkyempq
rybnzaurtniaqgxyz
inyukvlnjbynrjkynw
ybzvhmgkcbp
lr
yneufsjezhipigdarhxlyv
gilmquraoavkhppfzbdpipycpxdujh
rahrvlqkmtldhvaalvy
ejgnackdakidiaqqnktmtizgtj
vmnscfvpbzuunyjzmdtlvk
km
km
wvwbzstpfdwvbiiudwoo
xssiwhfmeuzkqtyzmags
km
ewizhyuqetprmkbxxrdzh
iutqihdznyexizaqct
ewizhyuqetprmkbxxrdzh
ewizhyuqetprmkbxxrdzh
hbijsc
hovxqklnvwwxitxnkqehp
uljverswltmvqtmhfigykfozaf
km
km
fsgay
hovxqklnvwwxitxnkqehp
xssiwhfmeuzkqtyzmags
djrfaalpiuhsuyrlgjauuwqep
fsgay
ejgnackdakidiaqqnktmtizgtj
wvwbzstpfdwvbiiudwoo
igkgyhckwmekosuredagezbn
dpgqtgrsjiroarppesjbwnlgxmrhc
fsgay
ejgnackdakidiaqqnktmtizgtj
iutqihdznyexizaqct
wvwbzstpfdwvbiiudwoo
jfieicykzfjmidm
wqfvpoycxzxjpq
mhdqqrlrqsqudppndrgfllsdohga
hovxqklnvwwxitxnkqehp
hovxqklnvwwxitxnkqehp
injgzf
ayyuhqmaurgrwolhbmdgpyont
gilmquraoavkhppfzbdpipycpxdujh
mhqwnhsuvaihs
iutqihdznyexizaqct
dpgqtgrsjiroarppesjbwnlgxmrhc
xssiwhfmeuzkqtyzmags
jfieicykzfjmidm
ybazuwokcr
dqhfzkyempq
hovxqklnvwwxitxnkqehp
injgzf
jspgpbnyleaqrnjomh
injgzf
djrfaalpiuhsuyrlgjauuwqep
dpgqtgrsjiroarppesjbwnlgxmrhc
dxzacpjglimayivjqb
hovxqklnvwwxitxnkqehp
jspgpbnyleaqrnjomh
ycrfsxkjldhrrcbfrkvkwtclztbo
pvwwttwilcfnuqrbfuauo
dqhfzkyempq
injgzf
brwd
yyytjdcupnzhmraqeglvzzpigtctyl
jfieicykzfjmidm
hasbjnvr
hovxqklnvwwxitxnkqehp
vxwmqdytqpv
bsegtcaykmw
lr
iutqihdznyexizaqct
vnsuxoecuzxq
pvwwttwilcfnuqrbfuauo
psp
rybnzaurtniaqgxyz
jspgpbnyleaqrnjomh
dvi
hbijsc
injgzf
yyytjdcupnzhmraqeglvzzpigtctyl
wqfvpoycxzxjpq
ntt
wvwbzstpfdwvbiiudwoo
yyytjdcupnzhmraqeglvzzpigtctyl
wvwbzstpfdwvbiiudwoo
dxzacpjglimayivjqb
pvwwttwilcfnuqrbfuauo
lr
dxzacpjglimayivjqb
km
ayyuhqmaurgrwolhbmdgpyont
aorjljxljxuptktqdtlkrh
slpjyiyxzoqcxurw
km
zvnvrusxoccvqois
ybazuwokcr
bmzur
bmzur
injgzf
injgzf
km
jfieicykzfjmidm
hovxqklnvwwxitxnkqehp
vnsuxoecuzxq
nmonc
djrfaalpiuhsuyrlgjauuwqep
ybzvhmgkcbp
fqrkkvwmlew
dqhfzkyempq
vnsuxoecuzxq
injgzf
hbijsc
bsegtcaykmw
bmzur
iutqihdznyexizaqct
yyytjdcupnzhmraqeglvzzpigtctyl
jspgpbnyleaqrnjomh
tuxnrjqcezpgv
hbijsc
rhjnkaf
igkgyhckwmekosuredagezbn
bjl
km
injgzf
gilmquraoavkhppfzbdpipycpxdujh
km
vxwmqdytqpv
yneufsjezhipigdarhxlyv
mlwjgsizgyxvovmkzvnryjiadhl
hbijsc
igkgyhckwmekosuredagezbn
fsgay
lr
lr
ewizhyuqetprmkbxxrdzh
injgzf
bmzur
xssiwhfmeuzkqtyzmags
inyukvlnjbynrjkynw
brwd
ewizhyuqetprmkbxxrdzh
ybzvhmgkcbp
ybazuwokcr
ybazuwokcr
zpavvneczgsjtlisrlhbgv
injgzf
pvwwttwilcfnuqrbfuauo
uljverswltmvqtmhfigykfozaf
iutqihdznyexizaqct
ejgnackdakidiaqqnktmtizgtj
kgcyzersju
cdzanpycgpmki
djrfaalpiuhsuyrlgjauuwqep
ybazuwokcr
irhtezwirpueahiw
injgzf
yneufsjezhipigdarhxlyv
injgzf
eihlfeihrkacsvqhjkyfy
hasbjnvr
km
lr
jfieicykzfjmidm
uljverswltmvqtmhfigykfozaf
zpavvneczgsjtlisrlhbgv
vvermrsfejyrlnqkr
vnsuxoecuzxq
dqhfzkyempq
injgzf
iybujbkzmzxocqfigofyel
fsgay
injgzf
rhjnkaf
dxzacpjglimayivjqb
dqhfzkyempq
dqhfzkyempq
eihlfeihrkacsvqhjkyfy
injgzf
fqrkkvwmlew
hovxqklnvwwxitxnkqehp
ayyuhqmaurgrwolhbmdgpyont
aorjljxljxuptktqdtlkrh
injgzf
dxzacpjglimayivjqb
lr
dxzacpjglimayivjqb
pvwwttwilcfnuqrbfuauo
hovxqklnvwwxitxnkqehp
yneufsjezhipigdarhxlyv
fqrkkvwmlew
km
km
km
hbijsc
mhdqqrlrqsqudppndrgfllsdohga
ejgnackdakidiaqqnktmtizgtj
dxzacpjglimayivjqb
ybazuwokcr
hasbjnvr
vnsuxoecuzxq
km
km
inyukvlnjbynrjkynw
km
km
igkgyhckwmekosuredagezbn
yneufsjezhipigdarhxlyv
injgzf
vmnscfvpbzuunyjzmdtlvk
dvi
vmnscfvpbzuunyjzmdtlvk
brwd
injgzf
km
dxzacpjglimayivjqb
jfieicykzfjmidm
km
ybazuwokcr
djrfaalpiuhsuyrlgjauuwqep
iutqihdznyexizaqct
yyytjdcupnzhmraqeglvzzpigtctyl
injgzf
injgzf
mhqwnhsuvaihs
hovxqklnvwwxitxnkqehp
vxwmqdytqpv
iybujbkzmzxocqfigofyel
fqrkkvwmlew
vvermrsfejyrlnqkr
slpjyiyxzoqcxurw
dqhfzkyempq
bsegtcaykmw
pvwwttwilcfnuqrbfuauo
uljverswltmvqtmhfigykfozaf
fqrkkvwmlew
rahrvlqkmtldhvaalvy
injgzf
km
wvwbzstpfdwvbiiudwoo
fsgay
zvnvrusxoccvqois
wqfvpoycxzxjpq
ewizhyuqetprmkbxxrdzh
vxwmqdytqpv
yyytjdcupnzhmraqeglvzzpigtctyl
brwd
jfieicykzfjmidm
km
kgcyzersju
km
rczlvegazgazmmnlsvbcuvx
eihlfeihrkacsvqhjkyfy
iybujbkzmzxocqfigofyel
dqhfzkyempq
injgzf
jfieicykzfjmidm
dqhfzkyempq
