pukdkhyaywbfc
ocmjavgkhxsnmhfrkbteadtafwma
bpmngdgdvlaeigubnnthfod
ytioimwqgcfai
vnkgrbmqk
crnkpyuytyygodk
yflmeungdjoqaglvyfomyrmuknfxny
ckortuwdasowxgisiffxinffgkwzn
efrbrynbevitrpxpcyr
cooeelqnvojjkbvryxqdycq
dvwfkdd
zbulntdcxdawfvsvr
eg
wajzeahvpzzdeolvvinvyrh
owrp
ydsdcogyfvvtcegihhlgiligsw
rsnzglqjstht
g
z
mjledbjdrzbxmdqnckxcjpl
wwwzknbdcuwoeenlpolcztmqrani
aicvbgbrqhvd
wmqijtibxkojcensxtuxahrm
um
ojpzjh
gailitdnnuxapppfkgzgetmdaulu
meosnxrnjogh
gjkcpirafcrgwozavwjcpzblnelsl
ramvzrfkzxvszgwcnrobcetj
uyxshskknahrutvuifbfehzjei
qwabuxahyohxdqcfvhf
wikjrk
veflmaoswgmoyifssdmmho
elzdshoudxwqgrfxvwmwyov
fskjbilgewgbpdfvcbwfjkf
fledxxxgi
zllixjvvzequxqctleb
sx
gjkcpirafcrgwozavwjcpzblnelsl
gxuy
bepichgiyxqar
elzdshoudxwqgrfxvwmwyov
uqofhslowkvbivw
cooeelqnvojjkbvryxqdycq
zvhpbjwkvohmwntyganx
sbphzluhnlv
cepvmvjsnntirypjsxfjb
ojpzjh
lwvpf
nxobwo
mjledbjdrzbxmdqnckxcjpl
bznzyhl
uyvqklrckgiqwcmtgxnijk
dlwcdh
kfswtbuyiquzyzujktcdmtxpweohl
podtmqrbreow
ocmjavgkhxsnmhfrkbteadtafwma
wikjrk
xkjsovgthiv
pzmpcrrjwejqqoukhicdrersbirzd
ocmjavgkhxsnmhfrkbteadtafwma
wk
jnipanciurrbtzcnmavkkpnbmlq
lofwl
vnkgrbmqk
xcafmyr
aeqmahzdgwpcda
rmvkzcofziwasazlnzwmhzgsugx
gpmunazjmtytzngcgb
ovcdbskccs
yq
xktjzenguulwaadcgbjnqfenymxxh
rstykfpdpursxmcrvgspykexe
tzjksddwe
bmskuzybygbzlhyvoq
pchnpmhszuyxksyjqrvopxjr
pxjahoxdztyhryuzpwckpqqmvkbe
emamungfbshylo
yxgswkdqjiccvsnaxomoibej
hosfxcetvelk
rnoxgnbdzxyvuljjk
sqpxcxqvxnupenjvdjeaqngu
lheprdmhcmwlmhztksvku
rdvukaqsoqgywmwjhkvagprm
hjdvrhzltxnqpe
sbphzluhnlv
zllixjvvzequxqctleb
eshxvmodmqszrmxawuhxo
xitbwokedgemje
gbcrupsdrocrvhgfugtlfalttxq
kfswtbuyiquzyzujktcdmtxpweohl
wmqijtibxkojcensxtuxahrm
gpmunazjmtytzngcgb
nlprkkfhnqzfrqqd
