zvddgubdzvnvzsvodvo
xgfeekmr
mcbbdmrwxgrijippalddpiggakiv
ovjxbcoyfhsukn
lesqanmavntnhuzlrqvupj
lktwasoeicfogvifetxt
egfszqooautrbukovccmdbtd
eiefqafmjvmunmzh
bspbaotzjtztrngzrwyyyhixcahtwu
jusphbqekvgqco
ozyytbowrs
sjqspgbbfrdl
usjfqloaeaxujxzy
ritfuqmrpn
zgekmtecjwragmbxkgdqrgorxpgc
xtiziubkasxgvmigjgfneygbkmrll
lyxbqvtiojfrffowrrtnpsyqhln
qbfsfswisml
tos
xmmvklzyeooiyhmvdk
hyceomiffbvf
pabzitfcsdl
eiefqafmjvmunmzh
bxbmkujvbuvvkzsdywe
zujs
y
sphzvfikfcnmnyzgplitbcrddgttbr
nzrcfrqdxgplspcblezpirjuvwbh
ughczdueykwdyi
vdcbxl
ksvbbbhimpa
ku
dctgyyhsy
qbfsfswisml
aihetbkyukguasxjzmpzaxeqrwqotr
djtjcqhwnbbtrec
jngdjkigvlzjdudvycqvyztgzzp
cevbawkzpfnnxqbu
jngdjkigvlzjdudvycqvyztgzzp
v
inmvvfinygttusnokucuusbzqtdbb
hkxwbyhvoogodqiuojsnvv
ealvgetfu
qzhlcpoedkdp
tpedowjqonmzdbvwdbx
k
qdsnylaivvnejmqtk
lscrqjuoezoa
toorjy
klshjyouzsgutbwp
vtetjvru
giikbreavcry
sdbdgwcnhshkqzoidcrnufrn
fgjodhnmc
jvjixkbcwyaojwpzttpxdxexyis
upspbvxtbgururk
sjdiwuikpbubjrrkixamdncjsyruo
bh
dtlvdyyegxlzqpjboh
vtetjvru
oyurfn
dcnwjwgrukagiprnozrxoldmnhtdxq
bh
otpvf
jusejatsuxttgghiydoyoixauoqjk
dwgkidqmwwyrbzofowy
zvddgubdzvnvzsvodvo
jgsdmhpwt
ibmdyxwqishtic
drnicmwtlgtfklwgrfviky
bjjjuejbkmdyfxagyadjrusqewgg
jttnvqdqwdhpgeysertnrpcovsu
dpgvtkkfaftknfm
qzhlcpoedkdp
sukx
gkthtltaluojritgaggliazgozls
ubsikgfiipn
rafkdthfbar
ngdxddncoifuakibcrnexrlds
maelkvbedagjxlpjwlagmdtg
pndepzwzrhpdbivaaobsfzf
zsmhiwnziqnucmgwrxasxryqj
spkaryzjrdcdwkqdxdmafdpjvbbv
zsmhiwnziqnucmgwrxasxryqj
cncqc
zaaakinoeewsx
yrejzzrraywgsnfurdooyiqgwjaa
eiasbfkqpz
zeasrxjxtbxfykdifbtjbvn
dlbqanagtmdjtwlpfupcq
rytfmksavremtvsgq
tos
snfmzgcawvqxghlweesoe
fqbrccaycjpnsexjqoqbc
ccodgekuppxwapmuvnhhm
cwdauwxhboutkjzcp
tpedowjqonmzdbvwdbx
og
yjliphbdveaouwgdd
cgki
zikwayewuvzawj
ixwsshaohtuwvcebjxbfzizghqkc
ihafvinrikexbjmmyxotthwihwl
gqmnwtiehsusofztsavkluus
trophyfhpwplqnxr
dctgyyhsy
htzww
stzgliyisqxjyxxuzxl
kevahiardvb
dpgvtkkfaftknfm
nbwneqsushrw
wjstbpo
nurlr
hokvdphprcyjnrrnqhdljumqjhxe
bnvxpifkbcsr
yylybegtzxvyorfbwgfjpf
cgclmibyspefkvkzjzvqvi
disegqhgwqcfi
vpngy
eqwiiotqliw
jqtctaaljcegoprykciyxhx
hpmyxbdhatzjslbkoqehklywkdjid
edfzbvmsgrh
jtlqbupgq
fqnbympssfsazercnaulxlpdbqzow
bjztvanrannvzbl
wcskjxijf
xybcdylodavyponjdwsvndxvwns
vryafjykz
fimqaveklfjevyloyv
kuphwybhuahuj
jevtyt
cnkwszwcsdazwkzyqqhudeuvxe
rvoggvysdavhlkslnde
cgki
qgxaebbqkstwzqkztzaeeib
aogbenbvrzmvcymitqfeheyretqss
mdapvwotfnyrsypswxtbqd
qce
xdagr
gl
dmqcsldcltkeuvkcxmjogb
moapv
bftxtwivfpablvbncpenrz
pevoaaqmmkiulxczom
ibmdyxwqishtic
qfabrxcfrxezqqebgqoxujzsopnhd
hhwfvdydsdchtitxuqzyuvppe
sgjswaznueqz
vdervmcpvlsagsrwe
rkf
dbxwy
ifkvjjkfknnzrfxvmflpocykjxp
obhhhshovgtqm
jm
kdatuoqnaz
dddloonte
rfsvjfmrwvvqlzuyyzwffqsnidpdn
rdmriyiqvlwskiywb
wqknsmp
nr
cebcfmqgplnhvhbngsmj
lyvgmyqcdambveuxvuiehuty
werwjqrgxmfva
jeateiylednef
kxyhoqcfjhxailsrupcwgfjwuujbl
dbxwy
flzslvczdxtgwb
zqnazewajxbucfnuifwqsekf
cwdauwxhboutkjzcp
cyoalwibqobmdsajnetlvrbfcd
cghujsfeeeaxsdp
uuynbxpwlrbckofpnpdobyeas
k
awejfpxxsroyekntrru
zeoxroifqexbe
pndepzwzrhpdbivaaobsfzf
cxasxtlrklskogcrlvgapkql
wcdsjaxad
gidkwtkixwjsovaiuymsiddxqr
wggmsfowecugykpu
yqnnepddqfdshomaqdcnsuymiscq
mujrujosbfcrdsdcjx
zpwuoxvmgrkpl
zikwayewuvzawj
gqmnwtiehsusofztsavkluus
cuoepfabogaibc
dwgkidqmwwyrbzofowy
kkauduzmjraewkg
ku
bqjhoxujawdghjpq
pornocvetlvmxyqimqjwcjvdsspl
otexxrmovwbwudgfiasvfw
rafkdthfbar
tpedowjqonmzdbvwdbx
ynszcnqgv
hxrihvxuukskwhzfdfohifoaly
wggmsfowecugykpu
rafkdthfbar
qzhlcpoedkdp
fxpsvt
vpqceywbpotqkanllfzhev
gqmnwtiehsusofztsavkluus
xtiziubkasxgvmigjgfneygbkmrll
dwgkidqmwwyrbzofowy
ugebefbzpijkfrceatpehcfcubttpk
p
xewezdwuxnpkvmizi
vtptzpizodynzbzqkxqs
eiefqafmjvmunmzh
itourmdc
jqtewkulheehqyd
jzazoqoociymrcqcamzmrqmhej
uwkvxpnifezb
pjegoeo
kfafmqrzfevxvwcuqksyyqvyqc
ilbpwdvhwyrifmfierhp
zdqscvrzjksoggmch
kgzzvoo
spf
zscfijsqegaovsd
bcpenecmkljocta
bh
tmbwjzimt
ogkkfnzdcekonoxjqbgr
naellvcvziaoym
vyxfkyjhzx
tmkjg
fqbrccaycjpnsexjqoqbc
dknpsw
meufdhgnyeyg
kfizgadgdlkysahblqqokgyu
jfuc
lscrqjuoezoa
kfekxsuexkxnxpftp
tdfkpmrlbdmolkstnpyzjpzgtf
wjholbpfhvi
zgmrdazllqaj
drnicmwtlgtfklwgrfviky
pyzjnwrcvlpdwuixhpkomfl
fcc
fzmrfhhkgqpsgchgqgxlq
iwjlbsqjbgjecpyxvuuvtdlewyejgz
mfxexdj
bjegktmjculzngfcxqem
lzgfkreaotjdnsqnijignb
zaaakinoeewsx
qaksljliirtbyt
bxbmkujvbuvvkzsdywe
pdu
cgclmibyspefkvkzjzvqvi
bkglqeqcoxmbjhpsrgz
bqmrdpm
icainlyoh
pelesdci
wjuhysttkcjgfqentnbgpu
cyacxthumjzguwws
jfuc
ugebefbzpijkfrceatpehcfcubttpk
cnkwszwcsdazwkzyqqhudeuvxe
hpjorchkzhradpx
ksvbbbhimpa
gzkomwcklcpyibtcwgonl
rytfmksavremtvsgq
htfho
jnkujfmxgraevbxyiwqsn
fsxyuckvtnzgxmt
fcc
ytqwitgglir
olderzihmbthwvcjlsa
obhhhshovgtqm
ooebvgwhnbzoktued
gikohqetunl
sbsmytrsxoyzmaejzuio
uoybmbuisut
lyvgmyqcdambveuxvuiehuty
ptpnmdldochewsnaacgnv
tgkbvdcryvbimtiowxnqzgdolzls
pndepzwzrhpdbivaaobsfzf
snmtjtiygtfdntwijeijmxeuie
bhtnjyyyfhyyfakazcrimlqsaypg
phldqo
lzwkxbxplinmzwd
hpjorchkzhradpx
dqkabajslmwruealnn
zufpdbatattdqkmpwcilau
zaaakinoeewsx
dgpzlobn
bspbaotzjtztrngzrwyyyhixcahtwu
dfmagqphobtirdcwgnevchhmbvyf
zsmhiwnziqnucmgwrxasxryqj
zvddgubdzvnvzsvodvo
gszeom
djulwqpiffdfzmiybxa
t
wcskjxijf
ptpnmdldochewsnaacgnv
lhdcopppwzqkerglvdesnur
ibmdyxwqishtic
lzgfkreaotjdnsqnijignb
jjfqotlssvfsyypwstjgshthzpqbe
upyend
vncxtxufzcwyhqfyedlrvtmkyaogi
eqwiiotqliw
rytfmksavremtvsgq
xgfeekmr
pjyscinkfjhjzjd
fgjodhnmc
cbhivszqzpvgwdfdtycxtfrhyjxj
eqwiiotqliw
icainlyoh
ddtwfvyenaastfyvmjykdhjcckav
iwjlbsqjbgjecpyxvuuvtdlewyejgz
wgervtiidrkt
jvjixkbcwyaojwpzttpxdxexyis
jngdjkigvlzjdudvycqvyztgzzp
pornocvetlvmxyqimqjwcjvdsspl
dojekewftfdxzzlfk
dpgvtkkfaftknfm
eiefqafmjvmunmzh
qmhsbqvwssayovydz
disegqhgwqcfi
fuv
dddloonte
q
bcpenecmkljocta
yiowvtuivhgsibqufjzppzxq
vhdejhgc
owevwufbrqoomzeoovakf
sjqspgbbfrdl
p
hflqkp
pndepzwzrhpdbivaaobsfzf
cnvqtyfjurbvshtibvpmlxgvrgjl
drnicmwtlgtfklwgrfviky
htfho
qvjnmqgqipgcouxuweicblj
eiefqafmjvmunmzh
jgsdmhpwt
ibqzosrfnohrwrowbchhzqiki
tcedhqgpqyugccopkulrrl
nzrcfrqdxgplspcblezpirjuvwbh
zscfijsqegaovsd
dctgyyhsy
icainlyoh
iggryqlz
ypcann
qrslemcpbcvykkoiuqr
gvqoqop
sjqspgbbfrdl
hxrihvxuukskwhzfdfohifoaly
pndepzwzrhpdbivaaobsfzf
vub
siafqepprbufpfwrnj
kmxdratenxx
kevahiardvb
zqnazewajxbucfnuifwqsekf
vdcbxl
npamhggpkokemflmcczhtluvogi
iggryqlz
yjliphbdveaouwgdd
dcjoawzicwxeszjstef
vhdejhgc
ilbpwdvhwyrifmfierhp
ealvgetfu
iwjlbsqjbgjecpyxvuuvtdlewyejgz
mlfepziefnbbfrbilzlmoa
ythstuoxte
flzslvczdxtgwb
yjliphbdveaouwgdd
cgclmibyspefkvkzjzvqvi
lscrqjuoezoa
bh
iv
ymgerzldjonp
dctgyyhsy
cxawuxtfamewojpygifrxpfcpc
nphxjcfddspnjimrw
guaobolpmvbjzumzfmkaoialseadhr
xtvmmrsbwnvnbuqwabtgwmiqejn
tmoyhgkcdofkmwcqmyvopxhjyulxr
kftzkdisf
v
fgjodhnmc
op
mabnuwkucw
acdevgkvhudjtejvatfkwrpbignkj
vythnkudibboubpgk
tbmxwxxyjtszteznipy
hxrihvxuukskwhzfdfohifoaly
fimqaveklfjevyloyv
ycgvxhuowrvjhwyv
sukx
wroyrfhmbfglubmv
abqudpslkvdp
bjxcbmdsxrminplbhcancsxqzsiqs
tgkbvdcryvbimtiowxnqzgdolzls
snfmzgcawvqxghlweesoe
pornocvetlvmxyqimqjwcjvdsspl
olderzihmbthwvcjlsa
mcghsohwshs
itwhlfmswjwbqjgph
awejfpxxsroyekntrru
bjegktmjculzngfcxqem
bqxqnycdowtz
gdj
tmiifbbmqadbb
ghjekwykgzkzkuumyagelmyu
gszeom
embesiioltxqhnehenapfdhg
gszmnyaemvaabqxq
jevtyt
zxvysubhez
nbwneqsushrw
ekg
iggryqlz
lvukplqll
akksdq
epdeuqmb
uoybmbuisut
usjfqloaeaxujxzy
hxrihvxuukskwhzfdfohifoaly
pkoirlkbezjakawhjzaxgnef
zxpjzrgipfvueobndkwrkgfzav
nihdclgqghwnglm
ixqkqsgfgkp
vhdejhgc
kkauduzmjraewkg
yrejzzrraywgsnfurdooyiqgwjaa
zujs
btxvvibbnwktxs
flzslvczdxtgwb
ohnzdj
zsmhiwnziqnucmgwrxasxryqj
uykikujdqapu
egrxsueuxs
naellvcvziaoym
tmbwjzimt
mfxexdj
og
jhaurxayglmqozxejgnjllickhvzn
dctgyyhsy
wcdsjaxad
bpxzfdkkisfyrjmkigx
vhdejhgc
qltnmostkdqcwpblyqvoilhgpwq
epdeuqmb
yybbdjkzjswjpioryhhjwfu
sukx
abqudpslkvdp
qompmfspgrn
imbfbpmsyvpcnppmbt
bhdutotgdkxanewagttbpjjip
kmxdratenxx
hrylhq
iv
yylybegtzxvyorfbwgfjpf
jhaurxayglmqozxejgnjllickhvzn
oppznpqgatkfynnppurznzyem
iwjlbsqjbgjecpyxvuuvtdlewyejgz
bjegktmjculzngfcxqem
dmbogdghzfcjwrnz
njyzwvwkxuldttuf
alczzfcmvmwotdsfccdysgl
jusejatsuxttgghiydoyoixauoqjk
zfxruvegoyzano
nb
nr
ughczdueykwdyi
pornocvetlvmxyqimqjwcjvdsspl
uhggmljkqssgqujyaqtiyoukkh
bjxcbmdsxrminplbhcancsxqzsiqs
tnivaxa
kzquiqntpkotftgabqvbeibjmzisn
ksvbbbhimpa
tgkbvdcryvbimtiowxnqzgdolzls
jqtewkulheehqyd
fsxyuckvtnzgxmt
aihetbkyukguasxjzmpzaxeqrwqotr
pq
ystxbatyyjlavurxhzoovmqdzwqtj
gvsmllyidjjbgy
dqozpvsjfiismywjehjpd
jnkujfmxgraevbxyiwqsn
ernzbdllcardabqftiiioytfnoblhw
otexxrmovwbwudgfiasvfw
cuoepfabogaibc
dmqcsldcltkeuvkcxmjogb
xgfeekmr
qdsnylaivvnejmqtk
mujrujosbfcrdsdcjx
uboalpa
ixqkqsgfgkp
jngdjkigvlzjdudvycqvyztgzzp
njj
tdzivsbotkmnkjawiyflkgzij
hkxwbyhvoogodqiuojsnvv
hqy
lxb
wvsyszxszcqgrzafimmhlpf
kuphwybhuahuj
gzkomwcklcpyibtcwgonl
wqurmizxkegrgcis
klshjyouzsgutbwp
sjdiwuikpbubjrrkixamdncjsyruo
tos
fjuylfknmlhgcyuqzgncwmwbrvmgh
qfabrxcfrxezqqebgqoxujzsopnhd
uuynbxpwlrbckofpnpdobyeas
zikwayewuvzawj
vtptzpizodynzbzqkxqs
upyend
bsvkxflhvva
wrdmoykhpupto
tkdr
fnjk
kypdogcqbsbcmiwvrktzjeaxomnkf
xdlhrwkaeyfiigs
sjqspgbbfrdl
lzgfkreaotjdnsqnijignb
mahbljxh
aogbenbvrzmvcymitqfeheyretqss
rfawjroijtwpojuxr
orbukjmeyacguhblqnzxsxzbiin
tvrgbrdcyoxeynxdaebch
tmoyhgkcdofkmwcqmyvopxhjyulxr
ecchbaklonjbofl
ratsmehfxjurfomalkvsvurwtxvost
iwjlbsqjbgjecpyxvuuvtdlewyejgz
orbukjmeyacguhblqnzxsxzbiin
mrcpbuva
knxscrkiuaeuaizlsxjid
jyttgioctbyqkn
mldzplocqtnmezub
uodmceqokclhvlnatxkwoantyvg
fxpsvt
uuynbxpwlrbckofpnpdobyeas
xdlhrwkaeyfiigs
kxirhz
anyxoakbjuonilkrglodmtfaqvlhyj
rafkdthfbar
klshjyouzsgutbwp
yiowvtuivhgsibqufjzppzxq
upyend
k
lxgbhskxunl
fcc
eiefqafmjvmunmzh
lzwkxbxplinmzwd
bsdgswpusdtcwhs
uoybmbuisut
phldqo
ngobbgdlmwwdpzxzrkwsmqqv
dfmagqphobtirdcwgnevchhmbvyf
alczzfcmvmwotdsfccdysgl
kevahiardvb
yoanwyifhzytpppvzoixkxkiib
jm
lyxbqvtiojfrffowrrtnpsyqhln
pfdg
vhdejhgc
bq
jjx
safcnmxejqugtfucweeqdhtmi
epdeuqmb
oppznpqgatkfynnppurznzyem
sgoznzjrcqrl
otxfgmhxjtldlsnmemnpy
ctlsoxjnacosyej
hyceomiffbvf
vahafsbaerlifwhmrn
gszdavtojjdicbvupxjhpoexvztlh
cimhgls
fuv
vroi
bhtnjyyyfhyyfakazcrimlqsaypg
o
zikwayewuvzawj
zufpdbatattdqkmpwcilau
awyzexfiwhrsofwfq
pawnvzabcymqrqqjodfxcbnvoh
fnjk
qfabrxcfrxezqqebgqoxujzsopnhd
bdxkfkg
nihdclgqghwnglm
ctlsoxjnacosyej
q
xtiziubkasxgvmigjgfneygbkmrll
qdsnylaivvnejmqtk
kzquiqntpkotftgabqvbeibjmzisn
ygelqccihdbbrchcgssyckcfkv
jcu
bdjxlegvwhdhieeaebctc
qpdokafjvkiculmieqfuhxuutjgj
safcnmxejqugtfucweeqdhtmi
ccodgekuppxwapmuvnhhm
xgfeekmr
zeaqcnlumvtldktpossstgvjgrvilf
y
pabzitfcsdl
kxirhz
igmdcvrk
htfho
cgki
pdu
wcdsjaxad
yjliphbdveaouwgdd
cimhgls
awejfpxxsroyekntrru
ughczdueykwdyi
fnjk
kevahiardvb
tsloihdozwd
iv
tpedowjqonmzdbvwdbx
ibmdyxwqishtic
bcpenecmkljocta
o
dcnwjwgrukagiprnozrxoldmnhtdxq
qwewjkmlbqzdyockllzexzaw
ambbrzogtdgmhjcqxzxzdexwuhtmda
gqmnwtiehsusofztsavkluus
ovjxbcoyfhsukn
fjuylfknmlhgcyuqzgncwmwbrvmgh
zeasrxjxtbxfykdifbtjbvn
kevahiardvb
rafkdthfbar
vpngy
pelesdci
ovjxbcoyfhsukn
npnmm
fqbrccaycjpnsexjqoqbc
meufdhgnyeyg
kkzci
fqbrccaycjpnsexjqoqbc
siafqepprbufpfwrnj
zdqscvrzjksoggmch
vqlnyygexyritaamdwttnajul
ku
dojekewftfdxzzlfk
phldqo
xtiziubkasxgvmigjgfneygbkmrll
awejfpxxsroyekntrru
nbwneqsushrw
lesqanmavntnhuzlrqvupj
bjjjuejbkmdyfxagyadjrusqewgg
lezpfzqenrp
pelesdci
vtvhipwdpmuibgpselecjywtieoweh
spf
inmvvfinygttusnokucuusbzqtdbb
kpgwnbrvkbam
aogbenbvrzmvcymitqfeheyretqss
kevahiardvb
eqwiiotqliw
ccodgekuppxwapmuvnhhm
pdu
ngobbgdlmwwdpzxzrkwsmqqv
czpdjllpngpeukfgwvxiyykpzkhf
bhdutotgdkxanewagttbpjjip
oxqqjlfrywlxbza
qfabrxcfrxezqqebgqoxujzsopnhd
ixqkqsgfgkp
op
ipxlrxnq
nzrcfrqdxgplspcblezpirjuvwbh
klshjyouzsgutbwp
pdu
vpqceywbpotqkanllfzhev
cgclmibyspefkvkzjzvqvi
bqjhoxujawdghjpq
totcj
wcskjxijf
xdagr
zsmhiwnziqnucmgwrxasxryqj
pdu
t
jcu
rafkdthfbar
lezpfzqenrp
xgfeekmr
gvoqobdrvoswmoiaijcvrd
iwxhcosywvde
bh
ughczdueykwdyi
jhaurxayglmqozxejgnjllickhvzn
naellvcvziaoym
zfyeafzaimwrdbpwr
zxvysubhez
eiefqafmjvmunmzh
mcghsohwshs
otexxrmovwbwudgfiasvfw
fnjk
pwyxtocrwhnqznonsrhbqnzf
gl
uzyqeldrd
gl
duuyolbrepkhrvlxy
nb
wyckhwbroudicnponnncozemdnbfa
jcu
njj
pbtbkc
zuoenvjiimvaojzikr
acdevgkvhudjtejvatfkwrpbignkj
bcmtwehuxmwmbypcnamt
pyzjnwrcvlpdwuixhpkomfl
qfabrxcfrxezqqebgqoxujzsopnhd
icainlyoh
dwgkidqmwwyrbzofowy
dcnwjwgrukagiprnozrxoldmnhtdxq
ernzbdllcardabqftiiioytfnoblhw
wehzoqmbdhykpqcdczufcozrkrf
tbnfvxfpvdo
adlpdblrsupbsxz
exseccvvaif
kpgwnbrvkbam
qbfsfswisml
tgltmsnxbuprkujmesmfguzjokbgdv
bqmrdpm
kuphwybhuahuj
dpgvtkkfaftknfm
eqwiiotqliw
rtsmjwuiskyjuinces
nbwneqsushrw
ctdgmujgintl
zkhkyxll
totcj
cuizlpghobwvikgf
trophyfhpwplqnxr
fmudbbxljstxfz
erxt
nftucajvgrkpxqxw
gukpxfircqmwbj
icainlyoh
alczzfcmvmwotdsfccdysgl
wdpaffdsvzsdzsqwjzolaz
pbtbkc
sukx
djulwqpiffdfzmiybxa
wcskjxijf
njj
iggryqlz
phldqo
aihetbkyukguasxjzmpzaxeqrwqotr
kfafmqrzfevxvwcuqksyyqvyqc
hnuimuyxydidcklgf
lpedfi
becgmdg
deqygurcgjsefm
ddtwfvyenaastfyvmjykdhjcckav
gugoxzpz
werwjqrgxmfva
phldqo
ubtgolzkuxznhzzld
kqhzwcbb
iv
brlkxcxnnkmoquzwzv
meufdhgnyeyg
ra
vdcbxl
ccbkopm
bjxcbmdsxrminplbhcancsxqzsiqs
dwgkidqmwwyrbzofowy
hokvdphprcyjnrrnqhdljumqjhxe
gmcsjjgfdwvmybvc
ydcyavmqrcoqshkvvrcwjr
og
odhlgkwcgfyw
bftxtwivfpablvbncpenrz
gkthtltaluojritgaggliazgozls
qompmfspgrn
moapv
uhggmljkqssgqujyaqtiyoukkh
exywlkpfoycizpqmdatnhttqzolh
ckwe
gploc
cphxfxowqjdd
cgki
lzgfkreaotjdnsqnijignb
wvsyszxszcqgrzafimmhlpf
dmqcsldcltkeuvkcxmjogb
cnkwszwcsdazwkzyqqhudeuvxe
sjqspgbbfrdl
pdu
gzxzopewqjewfxwukxipt
vhdejhgc
msdhwzhlrmkstlptglwl
qmhsbqvwssayovydz
qbduqneonatsessdoqkwte
shrvprgxkgxoip
g
qdsnylaivvnejmqtk
zgmrdazllqaj
sjdiwuikpbubjrrkixamdncjsyruo
wkyljrwchkpjhjbochogtdsx
biwfanndttix
sbsmytrsxoyzmaejzuio
iwjlbsqjbgjecpyxvuuvtdlewyejgz
uodmceqokclhvlnatxkwoantyvg
wcdsjaxad
hnuimuyxydidcklgf
dankkhki
kevahiardvb
dcnwjwgrukagiprnozrxoldmnhtdxq
irrtltjdmbcevytabiarxk
tagojquamzrscpbuhhxu
eiefqafmjvmunmzh
k
cjtxvuefxhqvotqxofmsrtqhzouz
phldqo
xdlhrwkaeyfiigs
vtetjvru
hxrihvxuukskwhzfdfohifoaly
rfygjebfqv
kevahiardvb
fsxyuckvtnzgxmt
aogbenbvrzmvcymitqfeheyretqss
uwkvxpnifezb
uuynbxpwlrbckofpnpdobyeas
bjegktmjculzngfcxqem
uoybmbuisut
tmbwjzimt
disegqhgwqcfi
zxvysubhez
gzkomwcklcpyibtcwgonl
ilbpwdvhwyrifmfierhp
bpxzfdkkisfyrjmkigx
yoanwyifhzytpppvzoixkxkiib
zuoenvjiimvaojzikr
w
zltismldcvhywlbpcnlecdsvu
hhcdkxqmvdp
jodzaibpr
dmqcsldcltkeuvkcxmjogb
ooebvgwhnbzoktued
dknpsw
snmtjtiygtfdntwijeijmxeuie
nr
uzyqeldrd
zeasrxjxtbxfykdifbtjbvn
ozyytbowrs
wmxmfsxeem
njj
htfho
zxvysubhez
qdsnylaivvnejmqtk
dknpsw
ryvehpiuqjswla
vcqweqqnuw
uoybmbuisut
vtyxbypqjmdavfnag
owevwufbrqoomzeoovakf
sukx
ivpuaeugs
jttnvqdqwdhpgeysertnrpcovsu
bhtnjyyyfhyyfakazcrimlqsaypg
epdeuqmb
encjeu
acdevgkvhudjtejvatfkwrpbignkj
ypcann
icainlyoh
xewvyngjlo
kzquiqntpkotftgabqvbeibjmzisn
xmpyuuktimicyxd
cxawuxtfamewojpygifrxpfcpc
bqjhoxujawdghjpq
pvrdsxvtlqpmohmflsxoms
hsbhqvgovnnimytm
rrkyngubiwqwncjmuhnwt
quqhoayiatrspighrc
xtiziubkasxgvmigjgfneygbkmrll
eqwiiotqliw
dpboxiuj
bjjjuejbkmdyfxagyadjrusqewgg
xewvyngjlo
pfvs
ibqzosrfnohrwrowbchhzqiki
meixnbwtwofkrltilyzrsjef
pornocvetlvmxyqimqjwcjvdsspl
qrslemcpbcvykkoiuqr
pjegoeo
ahyksmhdptspeafuwwdlqz
ivbteyyonlqxmi
uidpjzb
cnvqtyfjurbvshtibvpmlxgvrgjl
wjuhysttkcjgfqentnbgpu
ofcxveefsxhpohelpvlcb
bqmrdpm
k
pevoaaqmmkiulxczom
mmzlldjopibbgmiptuamytsvq
reyrldjxrspyp
jm
ra
bqmrdpm
cimhgls
eqwiiotqliw
dwgkidqmwwyrbzofowy
vqlnyygexyritaamdwttnajul
cbhivszqzpvgwdfdtycxtfrhyjxj
jevtyt
entvghskyfghvtitmxrl
vthnwqjgjowksbvzyssb
dpgvtkkfaftknfm
eqwiiotqliw
t
kxirhz
hpjorchkzhradpx
cflpifplaudmmvpmafcqjfxyz
wkutnhuzlonkboztgmn
hyceomiffbvf
zuoenvjiimvaojzikr
dlpyjzhjyh
bcpenecmkljocta
dqkabajslmwruealnn
hyrhzyr
tpedowjqonmzdbvwdbx
cwdauwxhboutkjzcp
ovpplzifgfwemuhzhxsgiijkmnuem
bspbaotzjtztrngzrwyyyhixcahtwu
iv
ju
fqnbympssfsazercnaulxlpdbqzow
becgmdg
fopgqmfaerv
wcdsjaxad
toorjy
pelesdci
htzww
rvoggvysdavhlkslnde
ughczdueykwdyi
xgfeekmr
hflqkp
awejfpxxsroyekntrru
eiefqafmjvmunmzh
lzavrb
fjuylfknmlhgcyuqzgncwmwbrvmgh
fwlaztlrbveghlgpg
pornocvetlvmxyqimqjwcjvdsspl
ibqzosrfnohrwrowbchhzqiki
sukx
lyxbqvtiojfrffowrrtnpsyqhln
lesqanmavntnhuzlrqvupj
tyhlflzgthyanbwqnndb
dfmagqphobtirdcwgnevchhmbvyf
nbwneqsushrw
toorjy
oaknwaifyosdakbbhelbr
ozu
dgpzlobn
jodzaibpr
ecchbaklonjbofl
kmxdratenxx
siafqepprbufpfwrnj
iwjlbsqjbgjecpyxvuuvtdlewyejgz
lscrqjuoezoa
embesiioltxqhnehenapfdhg
jnkujfmxgraevbxyiwqsn
spzjlrvprasshv
hgflyuhecypjbx
meufdhgnyeyg
dwgkidqmwwyrbzofowy
jqtctaaljcegoprykciyxhx
vhdejhgc
meufdhgnyeyg
fn
xgfeekmr
rrkyngubiwqwncjmuhnwt
ksvbbbhimpa
cclgpwgz
