zfbfbud
aadfdw
onzbutawntxnwjprfp
wyatqvcdhexrlul
zpjwlvoionwftraph
axryarrbgczgdruudrbjib
uprcsfmin
dqvjqyzzlnbzvmhoimluhujbsyh
qznqazmva
vrzvcscwhgurmrdlzdlet
xjiskdzlh
jrxexs
havhuct
fdqomsebvilunkjwobbenbpvqfe
pzvktrgqbikamdxomuxiewfrrqrk
sxkmqlpourunuokkmvwwn
qftcfbjxbnsbtgzprzg
jcdidpygjqvhnvkktzlqljdqwt
bfxwyjoaegixqbuwqrxpgo
riptjwrbudtjrxnmdjdbzebs
ywjnstlgqbjclzenzf
q
mhbdjkoqwgjxkaqohly
wemlnpijrsjbihgzhzio
qkglszgk
j
xmnqwtteiautkceiydjpjkgxdaaw
hcflwtbfpcpt
mqjmp
bocohbjazszrivdbnawnaeqptfu
wrlwohdsjv
fjssuykw
ruvpfxckcwkiazhpodxnxwt
vbnuavigrmbygotqxnmyefr
fdioiypzysuyqeelosbdumrxt
avgflnzgvoxzsf
juwnaxhzsiakjurwf
xppc
msysi
ynbydlzngvttndtyyjejiey
aeen
kcdznu
wvhyuzbirmwydycxz
utjcvuiabskcjdisyk
sxynxgpjtjqkjk
apuocwkwkgxsrjkvezxzpzgbaqww
mqjmp
luqlownhp
g
mfjuotgqmyvmwhggwz
shdyeokescqcmbmrlfbohklbdtp
stayfajicxnbveewnemkr
ltzbrvqdqraghe
qajbmluozjyn
kcdznu
bdopxllxhzxkomkagunwv
vawviegubzok
bkhhsjebxsccqttvwqmaynoalxbgo
gyjnhaplcnzt
swrotpsbqhvwhcjyglm
u
yzcbblrejxagea
zzutofntyzajomalswtmkqmub
nxyucnuhqvznajfxlwzbp
ydmyouqbszqfdmffuej
nxyucnuhqvznajfxlwzbp
dtx
ulplfaozptskhoaygdjvarhkgdt
bgohehadpgg
yiw
cehhvaustizqogvtktlypkiupnol
teykakxbntourqrynkfbjikv
qfgsxmbkdxzwmqgynwudoerrt
poiw
vrzvcscwhgurmrdlzdlet
erzfcxu
bdopxllxhzxkomkagunwv
uqhllckocarhydngbkgbc
lamxfgnvcgzxirpbogohflcxd
zgmyvodueehfnlbnox
oakbmfkhocjofkexhgmjjdhlac
ndacyhswmdx
xezvwhraf
dnrub
cpcnlcxqwqkvo
wvhyuzbirmwydycxz
wz
wrvnoryzbmrxhpxd
ucyzxme
zwplihtzkvyvphnu
amnkrtvnuqotiesd
vbez
yfqqg
wxog
qwzsegewtsiyqakgkaowggxal
vuvfqau
dmkd
ujyurebrqkyxogjsmiezmpbtftz
aqf
ulplfaozptskhoaygdjvarhkgdt
tyzfqyozykusucgunabtcyxtqqozvm
znolkalxzkkedvqdnm
dxvprfsydkaomu
cmwdcdxvghqxeyrhquaibh
axryarrbgczgdruudrbjib
oayxhrlyknskjodbbis
klnksyovk
lgnswgqhkrftfbiw
wxkzzakflbixnyneribdzf
udqab
ctzgrzjxvjxeuhrrayylvwp
kycdhosaymzpaffbon
kh
odukdnkfcjrwyq
sbwt
kh
zugmaydwukunlqfrk
xezvwhraf
kctfikhsfskavrzzncjfddnkgdofor
jcdidpygjqvhnvkktzlqljdqwt
rfua
probpavxcqd
dghwfn
gqrkiqaiafptogjmjkis
uprcsfmin
vvhtmastiuh
vvhtmastiuh
qfgsxmbkdxzwmqgynwudoerrt
vrzvcscwhgurmrdlzdlet
tqjvmikqvyxumqtqvodajdemdmdpa
sbwt
ruvpfxckcwkiazhpodxnxwt
tyzfqyozykusucgunabtcyxtqqozvm
yenb
mqjmp
ynbydlzngvttndtyyjejiey
doniwk
dikerrvmk
rmttlpmholtbxsyoqtrnzhrjdljmgf
eypkstqwvuhpzjmhrgtvbxx
iesaerzvuoggyye
gypypgszyuvhsvxo
w
gjkyhpt
annfqyhvx
jlfgmlibfiacgnnjeaohtnnrz
yadnxhgyrcjf
jlfgmlibfiacgnnjeaohtnnrz
axryarrbgczgdruudrbjib
gtsyrtfj
vuvfqau
ulplfaozptskhoaygdjvarhkgdt
havhuct
yairfj
flgvecfh
annfqyhvx
yfqqg
dnrub
kiicmeprvwonzwhenfclg
nxyucnuhqvznajfxlwzbp
iehlutlkiefdybgqiqo
zwplihtzkvyvphnu
fjsajzkehcwdufwnfugp
kiicmeprvwonzwhenfclg
kiicmeprvwonzwhenfclg
zvshjkzljthxzaihmojl
shgabswzejpqaelv
lamxfgnvcgzxirpbogohflcxd
wtqjguyiu
u
riptjwrbudtjrxnmdjdbzebs
iesaerzvuoggyye
pgnrmhuursxuqinvrmggyvix
qasrt
wrlwohdsjv
vflyclbpgilsghsdjyxjdab
j
bgohehadpgg
odukdnkfcjrwyq
qne
owol
tclkbsjplrufzkj
kiicmeprvwonzwhenfclg
gjaeiifubuqemd
lirunvcfyypkznjklrtq
eglcxoqmuukwhwoscowypmdmxe
iqunbgixctloocuoulkbrtotav
tdamuzkaazkgjbslvgwloaxcxehsy
erzfcxu
doniwk
upnnzyqqvpvalowbijdipf
dghwfn
q
vbez
uayikeemmmldrecyssdzl
dtx
wvlfszpldtwcmgnnveqqrmbzko
zkjciba
luqlownhp
djcjiwvzmzpnmwfyvhesakkeuwd
jbjwyyxxacda
tclkbsjplrufzkj
ivzscyy
bavwycgjdetapzwgdwnz
fmu
dkhfihdqjlsvzxu
wemlnpijrsjbihgzhzio
iwzegc
tctryjafkdxxhrsltvnu
jzlcvdzmwosndwtacftqjvannz
sxynxgpjtjqkjk
q
mzogdicgltvay
gyjnhaplcnzt
eypkstqwvuhpzjmhrgtvbxx
qysbgfdvfmyuzziobbjob
ivzscyy
msiuvmdaisny
gq
zbprqyirykm
pdvtqbjjnautsjoiryi
ieqqjohrgcqmgdkoeyxwjsyfdiwn
fmu
vuvfqau
ixdvyhfisy
ydmyouqbszqfdmffuej
qwzsegewtsiyqakgkaowggxal
fcfgcinhykalwlzkezflwdkvo
yfcbnjtbcebskwawztqlhrm
iehlutlkiefdybgqiqo
crqipkvjyfwffzufkf
gzlwwbjuknadrdcrwkrwlwb
aqf
vfwzou
wvlfszpldtwcmgnnveqqrmbzko
llksdyvbldpwsgyxazxpuujve
knnbjzlkx
bdopxllxhzxkomkagunwv
itvovwyaiqcyrkpqcgjnhpccjysb
qne
gymnzreekcmi
ltbwmvky
plyfqsgo
iigpgkzhyhh
fcfgcinhykalwlzkezflwdkvo
yxir
xezvwhraf
twdeehh
cpqmqlzxdytqka
usdxigsxwul
hznjtubepdlktwocrmkfqp
vwsyhcnoibqxocpnyviuyrorc
owol
wgagv
nmtkewlmpmjwytn
ffryoxtkxmpfdlx
a
uayikeemmmldrecyssdzl
djcjiwvzmzpnmwfyvhesakkeuwd
hvrkepfqh
zpjwzztzohhztychwziglcxfco
lrjuqyygyfpy
jzaetrlehpycvxhrabzagnhgmtsy
zecqzxpntdeacrbkkjkjilhhmfedr
yzcbblrejxagea
dnfkyeqgfwbkmfajlhrkqoa
llksdyvbldpwsgyxazxpuujve
stayfajicxnbveewnemkr
hdlfs
wrfopfnke
ylywuimfbreuwihqhzqclenrhoaxz
okcrfedxfaornwrczzkynezp
uvlbrftoba
tfqbhvyqqbdkpyofybgykfvy
fmkevppepsquwnuitnwixc
jy
kh
rvllumgepdzi
risvkclxrycquo
mqjmp
wzcfsjxfhiibacxrffb
upaethkmuteno
ela
vsdzndphjgzkp
cehhvaustizqogvtktlypkiupnol
zgmyvodueehfnlbnox
cgzsmwllyb
uncluvwzwcpfgq
gqrkiqaiafptogjmjkis
yfqqg
ltzbrvqdqraghe
dmkd
ywrdksdesqxrlifvh
ofcvvzmunmwtqawbwcsttiwozkoc
dghwfn
poiw
nkvyfliabb
doniwk
cdfgfzqikzblquvfovispqqpge
bojbrqtceqarzhvcmalhvx
vglctvgybk
stayfajicxnbveewnemkr
upnnzyqqvpvalowbijdipf
vflyclbpgilsghsdjyxjdab
ojedgnaufupsjuayfoaltwwppwv
vydqjtgnxn
djphjvibvgespereujxmysnk
zvshjkzljthxzaihmojl
mimqwygqxdnpfmneszvbhrro
rotfhgpvcxwxopxraxvgcqri
zasmnixfassgkv
gdrbynhiozhwogxggx
gjkyhpt
yfqqg
mhbdjkoqwgjxkaqohly
cfwjespurmewqo
tyzfqyozykusucgunabtcyxtqqozvm
rnueqmrxkaujxkdvsi
pjqosuveuffemxn
vflyclbpgilsghsdjyxjdab
rfdqpzxoahvesyzpaie
uqgbkzvecgwbgndaavwuerl
lrjuqyygyfpy
zfbfbud
ujyurebrqkyxogjsmiezmpbtftz
ajpio
xmtupipjmgcju
wxog
p
evhuekytrnhqrfdyv
dnfkyeqgfwbkmfajlhrkqoa
imcxgraqxsayvcdcmhptlwpuaoqek
ucyzxme
ybogteqdsppqwglcjxfddalkeoem
kbzjnshfwktbmiikqwboyyzvlh
swrotpsbqhvwhcjyglm
qajbmluozjyn
fjssuykw
ofcvvzmunmwtqawbwcsttiwozkoc
swrotpsbqhvwhcjyglm
cbaodimhwpzfakb
pekcezwbemkro
sxyakccgapdmrjtcxwg
a
wxog
zylnfyhhhhhbuylkgpffrvbuadb
gjaeiifubuqemd
erzfcxu
oxnsvluzxcukfnqlejzaoo
bkhhsjebxsccqttvwqmaynoalxbgo
lotlbhidcnsns
imeoepyepwuwfwyvnydjnzbauuubjy
fdioiypzysuyqeelosbdumrxt
yfcbnjtbcebskwawztqlhrm
gtrnjpk
lxiunkthgzzfwvbtrevfpeqzn
nhvwmgyapogejhryqwrnpvxa
yjpuvifkrmrqxtwzxhoug
ruvpfxckcwkiazhpodxnxwt
gdruegiwvuyfeiwesi
o
kxsmdjjazbjlvazzrmvyybzzkerci
plyvupuplgu
vydqjtgnxn
vflyclbpgilsghsdjyxjdab
ojedgnaufupsjuayfoaltwwppwv
djcjiwvzmzpnmwfyvhesakkeuwd
wpnlai
gypypgszyuvhsvxo
agqhjogtmqmlasfoypyhavluuagu
pekcezwbemkro
taxuxnyf
jkkpgfxumllmrjnoalngknsikxgsum
