dmrchhutzcwlkawxqvqmhkqe
xqtgcza
mhleijwfreqnlwvevszvhoykxq
hko
nychmggwufyvspdhhuauh
ajketqmclfexunrdtqwcyhmugblzof
skunddudehqmswtpinlbk
owngnbvoeizxrrsvgfvi
mtonixplyhlxpnr
migcjpwuhicolxjjxlenylqr
kib
fdjwk
vjdaogfgjyvurzwzusoet
ubalbryszacu
viptxbdtydlcqxtce
qgzgcckyvru
qlufe
xysflnmdvdqasqynuvznm
migcjpwuhicolxjjxlenylqr
clztaqdshayece
jgqcmekvuefdcdwoxpzanpptp
ltpvejchzz
nfgceitkuuffafplhbxylnijlfm
urqanvnl
kztdeloqmgntbuv
rthnwvgbbhqxzeromt
zaaxeudeoypcprt
nnx
vlkegooukevqrfkijgbyswjfio
emonzci
gewcs
hsjpjrnlds
eeckihfmencv
oilylkwuciqxfycbpeagz
iin
mikaqfoiiidruegwcsjpfbzvqf
jhgpnjuaqkuknbu
omttlngq
xhpvzvgw
gdvkciutjoycyhqoxmufkqcmutr
dofjiiyvyqqfipfbdm
zlhqsrkpu
yvl
wrcfxecqdvinixfounu
zdqboievbpbxaomjcmlbozgae
upwynfoumyyzwwqdml
ginyyudn
gdkhzbdnrkedh
zmzvjzhpgvccrflgqesweef
dliajivqmyfimtkjesievy
rfjkatbqmzodaqyrpbloydb
msk
nfgceitkuuffafplhbxylnijlfm
